Archive member included because of file (symbol)

..\..\..\libs\libarm_cortexM4lf_math.a(arm_fill_q15.o)
                              ..\obj\audio_driver.o (arm_fill_q15)
..\..\..\libs\libarm_cortexM4lf_math.a(arm_copy_f32.o)
                              ..\obj\audio_driver.o (arm_copy_f32)
..\..\..\libs\libarm_cortexM4lf_math.a(arm_min_f32.o)
                              ..\obj\audio_driver.o (arm_min_f32)
..\..\..\libs\libarm_cortexM4lf_math.a(arm_mean_f32.o)
                              ..\obj\audio_driver.o (arm_mean_f32)
..\..\..\libs\libarm_cortexM4lf_math.a(arm_max_q15.o)
                              ..\obj\ui_driver.o (arm_max_q15)
..\..\..\libs\libarm_cortexM4lf_math.a(arm_max_f32.o)
                              ..\obj\audio_driver.o (arm_max_f32)
..\..\..\libs\libarm_cortexM4lf_math.a(arm_rfft_q15.o)
                              ..\obj\ui_driver.o (arm_rfft_q15)
..\..\..\libs\libarm_cortexM4lf_math.a(arm_rfft_init_q15.o)
                              ..\obj\ui_driver.o (arm_rfft_init_q15)
..\..\..\libs\libarm_cortexM4lf_math.a(arm_cfft_radix4_q15.o)
                              ..\..\..\libs\libarm_cortexM4lf_math.a(arm_rfft_q15.o) (arm_radix4_butterfly_q15)
..\..\..\libs\libarm_cortexM4lf_math.a(arm_cfft_radix4_init_q15.o)
                              ..\..\..\libs\libarm_cortexM4lf_math.a(arm_rfft_init_q15.o) (arm_cfft_radix4_init_q15)
..\..\..\libs\libarm_cortexM4lf_math.a(arm_lms_norm_init_f32.o)
                              ..\obj\audio_driver.o (arm_lms_norm_init_f32)
..\..\..\libs\libarm_cortexM4lf_math.a(arm_lms_norm_f32.o)
                              ..\obj\audio_driver.o (arm_lms_norm_f32)
..\..\..\libs\libarm_cortexM4lf_math.a(arm_iir_lattice_f32.o)
                              ..\obj\audio_driver.o (arm_iir_lattice_f32)
..\..\..\libs\libarm_cortexM4lf_math.a(arm_fir_interpolate_f32.o)
                              ..\obj\audio_driver.o (arm_fir_interpolate_f32)
..\..\..\libs\libarm_cortexM4lf_math.a(arm_fir_init_f32.o)
                              ..\obj\ui_driver.o (arm_fir_init_f32)
..\..\..\libs\libarm_cortexM4lf_math.a(arm_fir_f32.o)
                              ..\obj\audio_driver.o (arm_fir_f32)
..\..\..\libs\libarm_cortexM4lf_math.a(arm_fir_decimate_f32.o)
                              ..\obj\audio_driver.o (arm_fir_decimate_f32)
..\..\..\libs\libarm_cortexM4lf_math.a(arm_cmplx_mag_q15.o)
                              ..\obj\ui_driver.o (arm_cmplx_mag_q15)
..\..\..\libs\libarm_cortexM4lf_math.a(arm_sqrt_q15.o)
                              ..\..\..\libs\libarm_cortexM4lf_math.a(arm_cmplx_mag_q15.o) (arm_sqrt_q15)
..\..\..\libs\libarm_cortexM4lf_math.a(arm_sub_f32.o)
                              ..\obj\audio_driver.o (arm_sub_f32)
..\..\..\libs\libarm_cortexM4lf_math.a(arm_shift_q15.o)
                              ..\obj\ui_driver.o (arm_shift_q15)
..\..\..\libs\libarm_cortexM4lf_math.a(arm_scale_f32.o)
                              ..\obj\audio_driver.o (arm_scale_f32)
..\..\..\libs\libarm_cortexM4lf_math.a(arm_mult_f32.o)
                              ..\obj\audio_driver.o (arm_mult_f32)
..\..\..\libs\libarm_cortexM4lf_math.a(arm_add_f32.o)
                              ..\obj\audio_driver.o (arm_add_f32)
..\..\..\libs\libarm_cortexM4lf_math.a(arm_common_tables.o)
                              ..\..\..\libs\libarm_cortexM4lf_math.a(arm_sqrt_q15.o) (armRecipTableQ15)
..\..\..\libs\libm.a(lib_a-s_pow10.o)
                              ..\obj\ui_driver.o (pow10)
..\..\..\libs\libm.a(lib_a-sf_ceil.o)
                              ..\obj\ui_si570.o (ceilf)
..\..\..\libs\libm.a(lib_a-sf_floor.o)
                              ..\obj\ui_si570.o (floorf)
..\..\..\libs\libm.a(lib_a-sf_trunc.o)
                              ..\obj\ui_driver.o (truncf)
..\..\..\libs\libm.a(lib_a-w_pow.o)
                              ..\..\..\libs\libm.a(lib_a-s_pow10.o) (pow)
..\..\..\libs\libm.a(lib_a-w_sqrt.o)
                              ..\obj\ui_driver.o (sqrt)
..\..\..\libs\libm.a(lib_a-wf_log10.o)
                              ..\obj\codec.o (log10f)
..\..\..\libs\libm.a(lib_a-wf_pow.o)
                              ..\obj\audio_driver.o (powf)
..\..\..\libs\libm.a(lib_a-wf_sqrt.o)
                              ..\obj\audio_driver.o (sqrtf)
..\..\..\libs\libm.a(lib_a-e_pow.o)
                              ..\..\..\libs\libm.a(lib_a-w_pow.o) (__ieee754_pow)
..\..\..\libs\libm.a(lib_a-e_sqrt.o)
                              ..\..\..\libs\libm.a(lib_a-w_sqrt.o) (__ieee754_sqrt)
..\..\..\libs\libm.a(lib_a-ef_log10.o)
                              ..\..\..\libs\libm.a(lib_a-wf_log10.o) (__ieee754_log10f)
..\..\..\libs\libm.a(lib_a-ef_pow.o)
                              ..\..\..\libs\libm.a(lib_a-wf_pow.o) (__ieee754_powf)
..\..\..\libs\libm.a(lib_a-ef_sqrt.o)
                              ..\..\..\libs\libm.a(lib_a-wf_sqrt.o) (__ieee754_sqrtf)
..\..\..\libs\libm.a(lib_a-s_fabs.o)
[...]
Memory Configuration

Name             Origin             Length             Attributes
rom              0x08010000         0x00070000         xr
ram              0x20000000         0x00020000         xrw
ram1             0x10000000         0x00010000         xrw
*default*        0x00000000         0xffffffff

Linker script and memory map

LOAD c:/program files/gnu tools arm embedded/4.9 2014q4/bin/../lib/gcc/arm-none-eabi/4.9.3/armv7e-m/fpu/crti.o
LOAD c:/program files/gnu tools arm embedded/4.9 2014q4/bin/../lib/gcc/arm-none-eabi/4.9.3/armv7e-m/fpu/crtbegin.o
LOAD c:/program files/gnu tools arm embedded/4.9 2014q4/bin/../lib/gcc/arm-none-eabi/4.9.3/../../../../arm-none-eabi/lib/armv7e-m/fpu/crt0.o
                0x20020000                _eram = 0x20020000

.text           0x08010000    0x31028
 *(.isr_vector)
 .isr_vector    0x08010000      0x188 ..\obj\startup_stm32f4xx.o
                0x08010000                g_pfnVectors
 *(.text*)
 .text          0x08010188       0x5c c:/program files/gnu tools arm embedded/4.9 2014q4/bin/../lib/gcc/arm-none-eabi/4.9.3/armv7e-m/fpu/crtbegin.o
 .text.SYSCFG_EXTILineConfig
                0x080101e4       0x84 ..\obj\stm32f4xx_syscfg.o
                0x080101e4                SYSCFG_EXTILineConfig
 .text.USB_OTG_EnableCommonInt
                0x08010268       0x44 ..\obj\usb_core.o
 .text.USB_OTG_CoreReset
                0x080102ac       0x8c ..\obj\usb_core.o
 .text.USB_OTG_WritePacket
                0x08010338       0x78 ..\obj\usb_core.o
                0x08010338                USB_OTG_WritePacket
 .text.USB_OTG_ReadPacket
                0x080103b0       0x58 ..\obj\usb_core.o
                0x080103b0                USB_OTG_ReadPacket
 .text.USB_OTG_SelectCore
                0x08010408      0x174 ..\obj\usb_core.o
                0x08010408                USB_OTG_SelectCore
 .text.USB_OTG_CoreInit
                0x0801057c      0x13c ..\obj\usb_core.o
                0x0801057c                USB_OTG_CoreInit
 .text.USB_OTG_EnableGlobalInt
                0x080106b8       0x38 ..\obj\usb_core.o
                0x080106b8                USB_OTG_EnableGlobalInt
 .text.USB_OTG_DisableGlobalInt
                0x080106f0       0x38 ..\obj\usb_core.o
                0x080106f0                USB_OTG_DisableGlobalInt
 .text.USB_OTG_FlushTxFifo
                0x08010728       0x7c ..\obj\usb_core.o
                0x08010728                USB_OTG_FlushTxFifo
 .text.USB_OTG_FlushRxFifo
                0x080107a4       0x60 ..\obj\usb_core.o
                0x080107a4                USB_OTG_FlushRxFifo
 .text.USB_OTG_SetCurrentMode
                0x08010804       0x60 ..\obj\usb_core.o
                0x08010804                USB_OTG_SetCurrentMode
 .text.USB_OTG_GetMode
                0x08010864       0x20 ..\obj\usb_core.o
                0x08010864                USB_OTG_GetMode
 .text.USB_OTG_IsDeviceMode
                0x08010884       0x24 ..\obj\usb_core.o
                0x08010884                USB_OTG_IsDeviceMode
 .text.USB_OTG_ReadCoreItr
                0x080108a8       0x30 ..\obj\usb_core.o
                0x080108a8                USB_OTG_ReadCoreItr
 .text.USB_OTG_CoreInitDev
                0x080108d8      0x1f4 ..\obj\usb_core.o
                0x080108d8                USB_OTG_CoreInitDev
 .text.USB_OTG_EnableDevInt
                0x08010acc       0x98 ..\obj\usb_core.o
                0x08010acc                USB_OTG_EnableDevInt
 .text.USB_OTG_GetDeviceSpeed
                0x08010b64       0x48 ..\obj\usb_core.o
                0x08010b64                USB_OTG_GetDeviceSpeed
 .text.USB_OTG_EP0Activate
                0x08010bac       0x78 ..\obj\usb_core.o
                0x08010bac                USB_OTG_EP0Activate
 .text.USB_OTG_EPActivate
                0x08010c24       0xdc ..\obj\usb_core.o
                0x08010c24                USB_OTG_EPActivate
 .text.USB_OTG_EPDeactivate
                0x08010d00       0x8c ..\obj\usb_core.o
                0x08010d00                USB_OTG_EPDeactivate
 .text.USB_OTG_EPStartXfer
                0x08010d8c      0x280 ..\obj\usb_core.o
                0x08010d8c                USB_OTG_EPStartXfer
 .text.USB_OTG_EP0StartXfer
                0x0801100c      0x1d4 ..\obj\usb_core.o
                0x0801100c                USB_OTG_EP0StartXfer
 .text.USB_OTG_EPSetStall
                0x080111e0       0x88 ..\obj\usb_core.o
                0x080111e0                USB_OTG_EPSetStall
 .text.USB_OTG_EPClearStall
                0x08011268       0x78 ..\obj\usb_core.o
                0x08011268                USB_OTG_EPClearStall
 .text.USB_OTG_ReadDevAllOutEp_itr
                0x080112e0       0x2c ..\obj\usb_core.o
                0x080112e0                USB_OTG_ReadDevAllOutEp_itr
 .text.USB_OTG_ReadDevOutEP_itr
                0x0801130c       0x38 ..\obj\usb_core.o
                0x0801130c                USB_OTG_ReadDevOutEP_itr
 .text.USB_OTG_ReadDevAllInEPItr
                0x08011344       0x2c ..\obj\usb_core.o
                0x08011344                USB_OTG_ReadDevAllInEPItr
 .text.USB_OTG_EP0_OutStart
                0x08011370       0x70 ..\obj\usb_core.o
                0x08011370                USB_OTG_EP0_OutStart
 .text.UiRotaryFreqEncoderInit
                0x080113e0       0x8c ..\obj\ui_rotary.o
                0x080113e0                UiRotaryFreqEncoderInit
 .text.UiRotaryEncoderOneInit
                0x0801146c       0x8c ..\obj\ui_rotary.o
                0x0801146c                UiRotaryEncoderOneInit
 .text.UiRotaryEncoderTwoInit
                0x080114f8       0x90 ..\obj\ui_rotary.o
                0x080114f8                UiRotaryEncoderTwoInit
 .text.UiRotaryEncoderThreeInit
                0x08011588       0x8c ..\obj\ui_rotary.o
                0x08011588                UiRotaryEncoderThreeInit
 .text.USBD_USR_Init
                0x08011614        0xc ..\obj\usbd_usr.o
                0x08011614                USBD_USR_Init
 .text.USBD_USR_DeviceReset
                0x08011620       0x20 ..\obj\usbd_usr.o
                0x08011620                USBD_USR_DeviceReset
 .text.USBD_USR_DeviceConfigured
                0x08011640        0xc ..\obj\usbd_usr.o
                0x08011640                USBD_USR_DeviceConfigured
 .text.USBD_USR_DeviceSuspended
                0x0801164c        0xc ..\obj\usbd_usr.o
                0x0801164c                USBD_USR_DeviceSuspended
 .text.USBD_USR_DeviceResumed
                0x08011658        0xc ..\obj\usbd_usr.o
                0x08011658                USBD_USR_DeviceResumed
 .text.USBD_USR_DeviceConnected
                0x08011664        0xc ..\obj\usbd_usr.o
                0x08011664                USBD_USR_DeviceConnected
 .text.USBD_USR_DeviceDisconnected
                0x08011670        0xc ..\obj\usbd_usr.o
                0x08011670                USBD_USR_DeviceDisconnected
 .text.WaitSR1FlagsSet
                0x0801167c       0x44 ..\obj\mchf_hw_i2c.o
 .text.WaitLineIdle
                0x080116c0       0x3c ..\obj\mchf_hw_i2c.o
 .text.mchf_hw_i2c_init
                0x080116fc       0x8c ..\obj\mchf_hw_i2c.o
                0x080116fc                mchf_hw_i2c_init
 .text.mchf_hw_i2c_WriteRegister
                0x08011788      0x168 ..\obj\mchf_hw_i2c.o
                0x08011788                mchf_hw_i2c_WriteRegister
 .text.mchf_hw_i2c_WriteBlock
                0x080118f0      0x180 ..\obj\mchf_hw_i2c.o
                0x080118f0                mchf_hw_i2c_WriteBlock
 .text.mchf_hw_i2c_ReadRegister
                0x08011a70      0x1fc ..\obj\mchf_hw_i2c.o
                0x08011a70                mchf_hw_i2c_ReadRegister
 .text.mchf_hw_i2c_ReadData
                0x08011c6c      0x2cc ..\obj\mchf_hw_i2c.o
                0x08011c6c                mchf_hw_i2c_ReadData
 .text.TIM2_IRQHandler
                0x08011f38        0xc ..\obj\keyb_driver.o
                0x08011f38                TIM2_IRQHandler
 .text.OTG_HS_IRQHandler
                0x08011f44        0xc ..\obj\keyb_driver.o
                0x08011f44                OTG_HS_IRQHandler
 .text.DAC_Init
                0x08011f50       0x64 ..\obj\stm32f4xx_dac.o
                0x08011f50                DAC_Init
 .text.DAC_Cmd  0x08011fb4       0x48 ..\obj\stm32f4xx_dac.o
                0x08011fb4                DAC_Cmd
 .text.DAC_SetChannel1Data
                0x08011ffc       0x34 ..\obj\stm32f4xx_dac.o
                0x08011ffc                DAC_SetChannel1Data
 .text.DAC_SetChannel2Data
                0x08012030       0x34 ..\obj\stm32f4xx_dac.o
                0x08012030                DAC_SetChannel2Data
 .text.Default_Reset_Handler
                0x08012064       0x6c ..\obj\startup_stm32f4xx.o
                0x08012064                Default_Reset_Handler
                0x08012064                Reset_Handler
 .text.Default_Handler
                0x080120d0        0x8 ..\obj\startup_stm32f4xx.o
                0x080120d0                RTC_Alarm_IRQHandler
                0x080120d0                HASH_RNG_IRQHandler
                0x080120d0                EXTI2_IRQHandler
                0x080120d0                TIM8_CC_IRQHandler
                0x080120d0                TIM1_CC_IRQHandler
                0x080120d0                DMA2_Stream5_IRQHandler
                0x080120d0                DMA1_Stream5_IRQHandler
                0x080120d0                PVD_IRQHandler
                0x080120d0                SDIO_IRQHandler
                0x080120d0                TAMP_STAMP_IRQHandler
                0x080120d0                PendSV_Handler
                0x080120d0                CAN2_RX1_IRQHandler
                0x080120d0                EXTI3_IRQHandler
                0x080120d0                TIM8_TRG_COM_TIM14_IRQHandler
                0x080120d0                TIM1_UP_TIM10_IRQHandler
                0x080120d0                TIM8_UP_TIM13_IRQHandler
                0x080120d0                I2C3_ER_IRQHandler
                0x080120d0                I2C2_EV_IRQHandler
                0x080120d0                CAN1_RX0_IRQHandler
                0x080120d0                FPU_IRQHandler
                0x080120d0                OTG_HS_WKUP_IRQHandler
                0x080120d0                CAN2_SCE_IRQHandler
                0x080120d0                DMA2_Stream2_IRQHandler
                0x080120d0                SPI1_IRQHandler
                0x080120d0                TIM6_DAC_IRQHandler
                0x080120d0                TIM1_BRK_TIM9_IRQHandler
                0x080120d0                DCMI_IRQHandler
                0x080120d0                CAN2_RX0_IRQHandler
                0x080120d0                DMA2_Stream3_IRQHandler
                0x080120d0                USART6_IRQHandler
                0x080120d0                USART3_IRQHandler
                0x080120d0                CRYP_IRQHandler
                0x080120d0                CAN1_RX1_IRQHandler
                0x080120d0                UART5_IRQHandler
                0x080120d0                DMA2_Stream0_IRQHandler
                0x080120d0                TIM4_IRQHandler
                0x080120d0                I2C1_EV_IRQHandler
                0x080120d0                DMA1_Stream6_IRQHandler
                0x080120d0                DMA1_Stream1_IRQHandler
                0x080120d0                UART4_IRQHandler
                0x080120d0                TIM3_IRQHandler
                0x080120d0                RCC_IRQHandler
                0x080120d0                TIM8_BRK_TIM12_IRQHandler
                0x080120d0                ADC_IRQHandler
                0x080120d0                DMA1_Stream7_IRQHandler
                0x080120d0                TIM7_IRQHandler
                0x080120d0                CAN2_TX_IRQHandler
                0x080120d0                TIM5_IRQHandler
                0x080120d0                DMA2_Stream7_IRQHandler
                0x080120d0                I2C3_EV_IRQHandler
                0x080120d0                EXTI9_5_IRQHandler
                0x080120d0                RTC_WKUP_IRQHandler
                0x080120d0                ETH_WKUP_IRQHandler
                0x080120d0                SPI2_IRQHandler
                0x080120d0                OTG_HS_EP1_IN_IRQHandler
                0x080120d0                DMA1_Stream0_IRQHandler
                0x080120d0                CAN1_TX_IRQHandler
                0x080120d0                EXTI4_IRQHandler
                0x080120d0                FSMC_IRQHandler
                0x080120d0                ETH_IRQHandler
                0x080120d0                OTG_HS_EP1_OUT_IRQHandler
                0x080120d0                WWDG_IRQHandler
                0x080120d0                OTG_FS_WKUP_IRQHandler
                0x080120d0                TIM1_TRG_COM_TIM11_IRQHandler
                0x080120d0                USART2_IRQHandler
                0x080120d0                I2C2_ER_IRQHandler
                0x080120d0                DMA2_Stream1_IRQHandler
                0x080120d0                CAN1_SCE_IRQHandler
                0x080120d0                FLASH_IRQHandler
                0x080120d0                DMA2_Stream4_IRQHandler
                0x080120d0                USART1_IRQHandler
                0x080120d0                SPI3_IRQHandler
                0x080120d0                DMA1_Stream4_IRQHandler
                0x080120d0                I2C1_ER_IRQHandler
                0x080120d0                DMA2_Stream6_IRQHandler
                0x080120d0                DMA1_Stream3_IRQHandler
 .text.USBD_Init
                0x080120d8       0x44 ..\obj\usbd_core.o
                0x080120d8                USBD_Init
 .text.USBD_DeInit
                0x0801211c       0x20 ..\obj\usbd_core.o
                0x0801211c                USBD_DeInit
 .text.USBD_SetupStage
                0x0801213c       0x6c ..\obj\usbd_core.o
 .text.USBD_DataOutStage
                0x080121a8       0xcc ..\obj\usbd_core.o
 .text.USBD_DataInStage
                0x08012274      0x11c ..\obj\usbd_core.o
 .text.USBD_RunTestMode
                0x08012390       0x24 ..\obj\usbd_core.o
 .text.USBD_Reset
                0x080123b4       0x44 ..\obj\usbd_core.o
 .text.USBD_Resume
                0x080123f8       0x30 ..\obj\usbd_core.o
 .text.USBD_Suspend
                0x08012428       0x30 ..\obj\usbd_core.o
 .text.USBD_SOF
                0x08012458       0x2c ..\obj\usbd_core.o
 .text.USBD_SetCfg
                0x08012484       0x30 ..\obj\usbd_core.o
                0x08012484                USBD_SetCfg
 .text.USBD_ClrCfg
                0x080124b4       0x28 ..\obj\usbd_core.o
                0x080124b4                USBD_ClrCfg
 .text.USBD_IsoINIncomplete
                0x080124dc       0x20 ..\obj\usbd_core.o
 .text.USBD_IsoOUTIncomplete
                0x080124fc       0x20 ..\obj\usbd_core.o
 .text.NVIC_SystemReset
                0x0801251c       0x28 ..\obj\main.o
 .text.CriticalError
                0x08012544       0x14 ..\obj\main.o
                0x08012544                CriticalError
 .text.NMI_Handler
                0x08012558       0x18 ..\obj\main.o
                0x08012558                NMI_Handler
 .text.HardFault_Handler
                0x08012570       0x18 ..\obj\main.o
                0x08012570                HardFault_Handler
 .text.MemManage_Handler
                0x08012588       0x18 ..\obj\main.o
                0x08012588                MemManage_Handler
 .text.BusFault_Handler
                0x080125a0       0x18 ..\obj\main.o
                0x080125a0                BusFault_Handler
 .text.UsageFault_Handler
                0x080125b8       0x18 ..\obj\main.o
                0x080125b8                UsageFault_Handler
 .text.SVC_Handler
                0x080125d0       0x18 ..\obj\main.o
                0x080125d0                SVC_Handler
 .text.DebugMon_Handler
                0x080125e8       0x18 ..\obj\main.o
                0x080125e8                DebugMon_Handler
 .text.SysTick_Handler
                0x08012600        0xc ..\obj\main.o
                0x08012600                SysTick_Handler
 .text.EXTI0_IRQHandler
                0x0801260c       0x70 ..\obj\main.o
                0x0801260c                EXTI0_IRQHandler
 .text.EXTI1_IRQHandler
                0x0801267c       0x40 ..\obj\main.o
                0x0801267c                EXTI1_IRQHandler
 .text.EXTI15_10_IRQHandler
                0x080126bc       0x18 ..\obj\main.o
                0x080126bc                EXTI15_10_IRQHandler
 .text.TransceiverStateInit
                0x080126d4      0x368 ..\obj\main.o
                0x080126d4                TransceiverStateInit
 .text.MiscInit
                0x08012a3c       0x20 ..\obj\main.o
                0x08012a3c                MiscInit
 .text.main     0x08012a5c       0x58 ..\obj\main.o
                0x08012a5c                main
 .text.RCC_MCO2Config
                0x08012ab4       0x3c ..\obj\stm32f4xx_rcc.o
                0x08012ab4                RCC_MCO2Config
 .text.RCC_GetClocksFreq
                0x08012af0      0x148 ..\obj\stm32f4xx_rcc.o
                0x08012af0                RCC_GetClocksFreq
 .text.RCC_AHB1PeriphClockCmd
                0x08012c38       0x3c ..\obj\stm32f4xx_rcc.o
                0x08012c38                RCC_AHB1PeriphClockCmd
 .text.RCC_AHB2PeriphClockCmd
                0x08012c74       0x3c ..\obj\stm32f4xx_rcc.o
                0x08012c74                RCC_AHB2PeriphClockCmd
 .text.RCC_AHB3PeriphClockCmd
                0x08012cb0       0x3c ..\obj\stm32f4xx_rcc.o
                0x08012cb0                RCC_AHB3PeriphClockCmd
 .text.RCC_APB1PeriphClockCmd
                0x08012cec       0x3c ..\obj\stm32f4xx_rcc.o
                0x08012cec                RCC_APB1PeriphClockCmd
 .text.RCC_APB2PeriphClockCmd
                0x08012d28       0x3c ..\obj\stm32f4xx_rcc.o
                0x08012d28                RCC_APB2PeriphClockCmd
 .text.RCC_APB1PeriphResetCmd
                0x08012d64       0x3c ..\obj\stm32f4xx_rcc.o
                0x08012d64                RCC_APB1PeriphResetCmd
 .text.RCC_APB2PeriphResetCmd
                0x08012da0       0x3c ..\obj\stm32f4xx_rcc.o
                0x08012da0                RCC_APB2PeriphResetCmd
 .text.Codec_Init
                0x08012ddc       0x28 ..\obj\codec.o
                0x08012ddc                Codec_Init
 .text.Codec_Reset
                0x08012e04       0xa0 ..\obj\codec.o
                0x08012e04                Codec_Reset
 .text.Codec_RX_TX
                0x08012ea4      0x134 ..\obj\codec.o
                0x08012ea4                Codec_RX_TX
 .text.Codec_SidetoneSetgain
                0x08012fd8       0xf0 ..\obj\codec.o
                0x08012fd8                Codec_SidetoneSetgain
 .text.Codec_Volume
                0x080130c8       0x44 ..\obj\codec.o
                0x080130c8                Codec_Volume
 .text.Codec_Mute
                0x0801310c       0x28 ..\obj\codec.o
                0x0801310c                Codec_Mute
 .text.Codec_WriteRegister
                0x08013134       0x4c ..\obj\codec.o
                0x08013134                Codec_WriteRegister
 .text.Codec_AudioInterface_Init
                0x08013180       0x58 ..\obj\codec.o
                0x08013180                Codec_AudioInterface_Init
 .text.Codec_GPIO_Init
                0x080131d8       0xa8 ..\obj\codec.o
                0x080131d8                Codec_GPIO_Init
 .text.Codec_Line_Gain_Adj
                0x08013280       0x28 ..\obj\codec.o
                0x08013280                Codec_Line_Gain_Adj
 .text.ADC_Init
                0x080132a8       0xa8 ..\obj\stm32f4xx_adc.o
                0x080132a8                ADC_Init
 .text.ADC_StructInit
                0x08013350       0x3c ..\obj\stm32f4xx_adc.o
                0x08013350                ADC_StructInit
 .text.ADC_CommonInit
                0x0801338c       0x50 ..\obj\stm32f4xx_adc.o
                0x0801338c                ADC_CommonInit
 .text.ADC_Cmd  0x080133dc       0x38 ..\obj\stm32f4xx_adc.o
                0x080133dc                ADC_Cmd
 .text.ADC_RegularChannelConfig
                0x08013414      0x194 ..\obj\stm32f4xx_adc.o
                0x08013414                ADC_RegularChannelConfig
 .text.ADC_SoftwareStartConv
                0x080135a8       0x20 ..\obj\stm32f4xx_adc.o
                0x080135a8                ADC_SoftwareStartConv
 .text.ADC_GetConversionValue
                0x080135c8       0x1c ..\obj\stm32f4xx_adc.o
                0x080135c8                ADC_GetConversionValue
 .text.UiLcdHy28_Delay
                0x080135e4       0x38 ..\obj\ui_lcd_hy28.o
                0x080135e4                UiLcdHy28_Delay
 .text.UiLcdHy28_BacklightInit
                0x0801361c       0x34 ..\obj\ui_lcd_hy28.o
                0x0801361c                UiLcdHy28_BacklightInit
 .text.UiLcdHy28_SpiInit
                0x08013650       0xfc ..\obj\ui_lcd_hy28.o
                0x08013650                UiLcdHy28_SpiInit
 .text.UiLcdHy28_SpiDeInit
                0x0801374c       0x70 ..\obj\ui_lcd_hy28.o
                0x0801374c                UiLcdHy28_SpiDeInit
 .text.UiLcdHy28_ParallelInit
                0x080137bc      0x138 ..\obj\ui_lcd_hy28.o
                0x080137bc                UiLcdHy28_ParallelInit
 .text.UiLcdHy28_Reset
                0x080138f4       0x3c ..\obj\ui_lcd_hy28.o
                0x080138f4                UiLcdHy28_Reset
 .text.UiLcdHy28_FSMCConfig
                0x08013930       0x80 ..\obj\ui_lcd_hy28.o
                0x08013930                UiLcdHy28_FSMCConfig
 .text.UiLcdHy28_SendByteSpi
                0x080139b0       0x48 ..\obj\ui_lcd_hy28.o
 .text.UiLcdHy28_ReadByteSpi
                0x080139f8       0x74 ..\obj\ui_lcd_hy28.o
 .text.UiLcdHy28_WriteIndexSpi
                0x08013a6c       0x3c ..\obj\ui_lcd_hy28.o
                0x08013a6c                UiLcdHy28_WriteIndexSpi
 .text.UiLcdHy28_WriteDataSpi
                0x08013aa8       0x48 ..\obj\ui_lcd_hy28.o
                0x08013aa8                UiLcdHy28_WriteDataSpi
 .text.UiLcdHy28_WriteDataSpiStart
                0x08013af0        0xc ..\obj\ui_lcd_hy28.o
                0x08013af0                UiLcdHy28_WriteDataSpiStart
 .text.UiLcdHy28_WriteDataOnly
                0x08013afc       0x44 ..\obj\ui_lcd_hy28.o
                0x08013afc                UiLcdHy28_WriteDataOnly
 .text.UiLcdHy28_ReadDataSpi
                0x08013b40       0x58 ..\obj\ui_lcd_hy28.o
                0x08013b40                UiLcdHy28_ReadDataSpi
 .text.UiLcdHy28_WriteReg
                0x08013b98       0x4c ..\obj\ui_lcd_hy28.o
                0x08013b98                UiLcdHy28_WriteReg
 .text.UiLcdHy28_ReadReg
                0x08013be4       0x48 ..\obj\ui_lcd_hy28.o
                0x08013be4                UiLcdHy28_ReadReg
 .text.UiLcdHy28_SetCursorA
                0x08013c2c       0x2c ..\obj\ui_lcd_hy28.o
 .text.UiLcdHy28_LcdClear
                0x08013c58       0x8c ..\obj\ui_lcd_hy28.o
                0x08013c58                UiLcdHy28_LcdClear
 .text.UiLcdHy28_WriteRAM_Prepare
                0x08013ce4       0x38 ..\obj\ui_lcd_hy28.o
                0x08013ce4                UiLcdHy28_WriteRAM_Prepare
 .text.UiLcdHy28_DrawStraightLine
                0x08013d1c       0xc4 ..\obj\ui_lcd_hy28.o
                0x08013d1c                UiLcdHy28_DrawStraightLine
 .text.UiLcdHy28_DrawHorizLineWithGrad
                0x08013de0       0xd0 ..\obj\ui_lcd_hy28.o
                0x08013de0                UiLcdHy28_DrawHorizLineWithGrad
 .text.UiLcdHy28_DrawEmptyRect
                0x08013eb0       0x74 ..\obj\ui_lcd_hy28.o
                0x08013eb0                UiLcdHy28_DrawEmptyRect
 .text.UiLcdHy28_DrawBottomButton
                0x08013f24       0x5c ..\obj\ui_lcd_hy28.o
                0x08013f24                UiLcdHy28_DrawBottomButton
 .text.UiLcdHy28_DrawFullRect
                0x08013f80       0x48 ..\obj\ui_lcd_hy28.o
                0x08013f80                UiLcdHy28_DrawFullRect
 .text.UiLcdHy28_DrawChar
                0x08013fc8      0x140 ..\obj\ui_lcd_hy28.o
                0x08013fc8                UiLcdHy28_DrawChar
 .text.UiLcdHy28_PrintText
                0x08014108       0xf8 ..\obj\ui_lcd_hy28.o
                0x08014108                UiLcdHy28_PrintText
 .text.UiLcdHy28_DrawSpectrum_Interleaved
                0x08014200      0x47c ..\obj\ui_lcd_hy28.o
                0x08014200                UiLcdHy28_DrawSpectrum_Interleaved
 .text.UiLcdHy28_InitA
                0x0801467c      0x5d8 ..\obj\ui_lcd_hy28.o
                0x0801467c                UiLcdHy28_InitA
 .text.UiLcdHy28_Test
                0x08014c54        0xc ..\obj\ui_lcd_hy28.o
                0x08014c54                UiLcdHy28_Test
 .text.UiLcdHy28_Init
                0x08014c60       0x4c ..\obj\ui_lcd_hy28.o
                0x08014c60                UiLcdHy28_Init
 .text.UiLcdHy28_ShowStartUpScreen
                0x08014cac      0x224 ..\obj\ui_lcd_hy28.o
                0x08014cac                UiLcdHy28_ShowStartUpScreen
 .text.PrintChar
                0x08014ed0       0x14 ..\obj\printf.o
                0x08014ed0                PrintChar
 .text.PutChar  0x08014ee4       0x20 ..\obj\printf.o
                0x08014ee4                PutChar
 .text.PutString
                0x08014f04       0x3c ..\obj\printf.o
                0x08014f04                PutString
 .text.PutUnsignedInt
                0x08014f40       0xa0 ..\obj\printf.o
                0x08014f40                PutUnsignedInt
 .text.PutSignedInt
                0x08014fe0      0x104 ..\obj\printf.o
                0x08014fe0                PutSignedInt
 .text.PutHexa  0x080150e4       0xd8 ..\obj\printf.o
                0x080150e4                PutHexa
 .text.vsnprintf
                0x080151bc      0x25c ..\obj\printf.o
                0x080151bc                vsnprintf
 .text.vsprintf
                0x08015418       0x24 ..\obj\printf.o
                0x08015418                vsprintf
 .text.vfprintf
                0x0801543c       0x80 ..\obj\printf.o
                0x0801543c                vfprintf
 .text.vprintf  0x080154bc       0x28 ..\obj\printf.o
                0x080154bc                vprintf
 .text.printf   0x080154e4       0x28 ..\obj\printf.o
                0x080154e4                printf
 .text.sprintf  0x0801550c       0x2c ..\obj\printf.o
                0x0801550c                sprintf
 .text.fputc    0x08015538       0x40 ..\obj\printf.o
                0x08015538                fputc
 .text.fputs    0x08015578       0x48 ..\obj\printf.o
                0x08015578                fputs
 .text.USBH_OTG_BSP_TimerIRQ
                0x080155c0       0x44 ..\obj\usbh_bsp.o
                0x080155c0                USBH_OTG_BSP_TimerIRQ
 .text.USBD_USR_DeviceDescriptor
                0x08015604       0x24 ..\obj\usbd_desc.o
                0x08015604                USBD_USR_DeviceDescriptor
 .text.USBD_USR_LangIDStrDescriptor
                0x08015628       0x24 ..\obj\usbd_desc.o
                0x08015628                USBD_USR_LangIDStrDescriptor
 .text.USBD_USR_ProductStrDescriptor
                0x0801564c       0x40 ..\obj\usbd_desc.o
                0x0801564c                USBD_USR_ProductStrDescriptor
 .text.USBD_USR_ManufacturerStrDescriptor
                0x0801568c       0x28 ..\obj\usbd_desc.o
                0x0801568c                USBD_USR_ManufacturerStrDescriptor
 .text.USBD_USR_SerialStrDescriptor
                0x080156b4       0x40 ..\obj\usbd_desc.o
                0x080156b4                USBD_USR_SerialStrDescriptor
 .text.USBD_USR_ConfigStrDescriptor
                0x080156f4       0x3c ..\obj\usbd_desc.o
                0x080156f4                USBD_USR_ConfigStrDescriptor
 .text.USBD_USR_InterfaceStrDescriptor
                0x08015730       0x3c ..\obj\usbd_desc.o
                0x08015730                USBD_USR_InterfaceStrDescriptor
 .text.FSMC_NORSRAMInit
                0x0801576c      0x134 ..\obj\stm32f4xx_fsmc.o
                0x0801576c                FSMC_NORSRAMInit
 .text.FSMC_NORSRAMCmd
                0x080158a0       0x54 ..\obj\stm32f4xx_fsmc.o
                0x080158a0                FSMC_NORSRAMCmd
 .text.GPIO_Init
                0x080158f4      0x11c ..\obj\stm32f4xx_gpio.o
                0x080158f4                GPIO_Init
 .text.GPIO_ReadInputDataBit
                0x08015a10       0x34 ..\obj\stm32f4xx_gpio.o
                0x08015a10                GPIO_ReadInputDataBit
 .text.GPIO_SetBits
                0x08015a44       0x1c ..\obj\stm32f4xx_gpio.o
                0x08015a44                GPIO_SetBits
 .text.GPIO_ResetBits
                0x08015a60       0x1c ..\obj\stm32f4xx_gpio.o
                0x08015a60                GPIO_ResetBits
 .text.GPIO_PinAFConfig
                0x08015a7c       0x90 ..\obj\stm32f4xx_gpio.o
                0x08015a7c                GPIO_PinAFConfig
 .text.FLASH_Unlock
                0x08015b0c       0x2c ..\obj\stm32f4xx_flash.o
                0x08015b0c                FLASH_Unlock
 .text.FLASH_Lock
                0x08015b38       0x1c ..\obj\stm32f4xx_flash.o
                0x08015b38                FLASH_Lock
 .text.FLASH_EraseSector
                0x08015b54       0xc0 ..\obj\stm32f4xx_flash.o
                0x08015b54                FLASH_EraseSector
 .text.FLASH_ProgramHalfWord
                0x08015c14       0x6c ..\obj\stm32f4xx_flash.o
                0x08015c14                FLASH_ProgramHalfWord
 .text.FLASH_GetStatus
                0x08015c80       0x68 ..\obj\stm32f4xx_flash.o
                0x08015c80                FLASH_GetStatus
 .text.FLASH_WaitForLastOperation
                0x08015ce8       0x30 ..\obj\stm32f4xx_flash.o
                0x08015ce8                FLASH_WaitForLastOperation
 .text.VCP_Init
                0x08015d18       0x14 ..\obj\usbd_cdc_vcp.o
 .text.VCP_DeInit
                0x08015d2c       0x10 ..\obj\usbd_cdc_vcp.o
 .text.VCP_Ctrl
                0x08015d3c      0x1b0 ..\obj\usbd_cdc_vcp.o
 .text.VCP_DataTx
                0x08015eec       0x40 ..\obj\usbd_cdc_vcp.o
 .text.VCP_DataRx
                0x08015f2c       0x2c ..\obj\usbd_cdc_vcp.o
 .text.VCP_COMConfig
                0x08015f58       0x74 ..\obj\usbd_cdc_vcp.o
 .text.SystemInit
                0x08015fcc       0x6c ..\obj\system_stm32f4xx.o
                0x08015fcc                SystemInit
 .text.SetSysClock
                0x08016038      0x140 ..\obj\system_stm32f4xx.o
 .text.DMA_DeInit
                0x08016178      0x1a4 ..\obj\stm32f4xx_dma.o
                0x08016178                DMA_DeInit
 .text.DMA_Init
                0x0801631c       0xac ..\obj\stm32f4xx_dma.o
                0x0801631c                DMA_Init
 .text.DMA_Cmd  0x080163c8       0x38 ..\obj\stm32f4xx_dma.o
                0x080163c8                DMA_Cmd
 .text.DMA_GetFlagStatus
                0x08016400       0x78 ..\obj\stm32f4xx_dma.o
                0x08016400                DMA_GetFlagStatus
 .text.DMA_ClearFlag
                0x08016478       0x5c ..\obj\stm32f4xx_dma.o
                0x08016478                DMA_ClearFlag
 .text.DMA_ITConfig
                0x080164d4       0x74 ..\obj\stm32f4xx_dma.o
                0x080164d4                DMA_ITConfig
 .text.NVIC_EnableIRQ
                0x08016548       0x30 ..\obj\i2s.o
 .text.I2S_Block_Init
                0x08016578      0x14c ..\obj\i2s.o
                0x08016578                I2S_Block_Init
 .text.I2S_Block_Process
                0x080166c4       0xac ..\obj\i2s.o
                0x080166c4                I2S_Block_Process
 .text.DMA1_Stream2_IRQHandler
                0x08016770       0xe0 ..\obj\i2s.o
                0x08016770                DMA1_Stream2_IRQHandler
 .text.arm_sqrt_f32
                0x08016850       0x44 ..\obj\audio_driver.o
 *fill*         0x08016894        0x4 
 .text.audio_driver_init
                0x08016898      0x3e0 ..\obj\audio_driver.o
                0x08016898                audio_driver_init
 .text.audio_driver_set_rx_audio_filter
                0x08016c78      0x7c4 ..\obj\audio_driver.o
                0x08016c78                audio_driver_set_rx_audio_filter
 .text.Audio_Init
                0x0801743c       0x7c ..\obj\audio_driver.o
 .text.audio_rx_noise_blanker
                0x080174b8      0x748 ..\obj\audio_driver.o
 .text.audio_rx_processor
                0x08017c00      0xe80 ..\obj\audio_driver.o
 .text.audio_tx_processor
                0x08018a80      0xa38 ..\obj\audio_driver.o
 .text.I2S_RX_CallBack
                0x080194b8      0x164 ..\obj\audio_driver.o
                0x080194b8                I2S_RX_CallBack
 .text.USBD_StdDevReq
                0x0801961c       0xa0 ..\obj\usbd_req.o
                0x0801961c                USBD_StdDevReq
 .text.USBD_StdItfReq
                0x080196bc       0x68 ..\obj\usbd_req.o
                0x080196bc                USBD_StdItfReq
 .text.USBD_StdEPReq
                0x08019724      0x1b0 ..\obj\usbd_req.o
                0x08019724                USBD_StdEPReq
 .text.USBD_GetDescriptor
                0x080198d4      0x1b8 ..\obj\usbd_req.o
 .text.USBD_SetAddress
                0x08019a8c       0x7c ..\obj\usbd_req.o
 .text.USBD_SetConfig
                0x08019b08       0xf4 ..\obj\usbd_req.o
 .text.USBD_GetConfig
                0x08019bfc       0x60 ..\obj\usbd_req.o
 .text.USBD_GetStatus
                0x08019c5c       0x54 ..\obj\usbd_req.o
 .text.USBD_SetFeature
                0x08019cb0       0xd8 ..\obj\usbd_req.o
 .text.USBD_ClrFeature
                0x08019d88       0x50 ..\obj\usbd_req.o
 .text.USBD_ParseSetupRequest
                0x08019dd8       0x90 ..\obj\usbd_req.o
                0x08019dd8                USBD_ParseSetupRequest
 .text.USBD_CtlError
                0x08019e68       0x28 ..\obj\usbd_req.o
                0x08019e68                USBD_CtlError
 .text.USBD_GetString
                0x08019e90       0x84 ..\obj\usbd_req.o
                0x08019e90                USBD_GetString
 .text.USBD_GetLen
                0x08019f14       0x30 ..\obj\usbd_req.o
 .text.USBD_OTG_ISR_Handler
                0x08019f44      0x15c ..\obj\usb_dcd_int.o
                0x08019f44                USBD_OTG_ISR_Handler
 .text.DCD_HandleResume_ISR
                0x0801a0a0       0x80 ..\obj\usb_dcd_int.o
 .text.DCD_HandleUSBSuspend_ISR
                0x0801a120       0xbc ..\obj\usb_dcd_int.o
 .text.DCD_HandleInEP_ISR
                0x0801a1dc      0x19c ..\obj\usb_dcd_int.o
 .text.DCD_HandleOutEP_ISR
                0x0801a378      0x150 ..\obj\usb_dcd_int.o
 .text.DCD_HandleSof_ISR
                0x0801a4c8       0x34 ..\obj\usb_dcd_int.o
 .text.DCD_HandleRxStatusQueueLevel_ISR
                0x0801a4fc      0x104 ..\obj\usb_dcd_int.o
 .text.DCD_WriteEmptyTxFifo
                0x0801a600       0xe4 ..\obj\usb_dcd_int.o
 .text.DCD_HandleUsbReset_ISR
                0x0801a6e4      0x120 ..\obj\usb_dcd_int.o
 .text.DCD_HandleEnumDone_ISR
                0x0801a804       0x78 ..\obj\usb_dcd_int.o
 .text.DCD_IsoINIncomplete_ISR
                0x0801a87c       0x34 ..\obj\usb_dcd_int.o
 .text.DCD_IsoOUTIncomplete_ISR
                0x0801a8b0       0x34 ..\obj\usb_dcd_int.o
 .text.DCD_ReadDevInEP
                0x0801a8e4       0x50 ..\obj\usb_dcd_int.o
 .text.UiDriverUpdateMenu
                0x0801a934      0xf50 ..\obj\ui_menu.o
                0x0801a934                UiDriverUpdateMenu
 .text.UiDriverUpdateMenuLines
                0x0801b884     0x29ac ..\obj\ui_menu.o
 .text.UiDriverUpdateConfigMenuLines
                0x0801e230     0x29c0 ..\obj\ui_menu.o
 .text.usbd_cdc_Init
                0x08020bf0       0x6c ..\obj\usbd_cdc_core.o
 .text.usbd_cdc_DeInit
                0x08020c5c       0x38 ..\obj\usbd_cdc_core.o
 .text.usbd_cdc_Setup
                0x08020c94      0x134 ..\obj\usbd_cdc_core.o
 .text.usbd_cdc_EP0_RxReady
                0x08020dc8       0x44 ..\obj\usbd_cdc_core.o
 .text.usbd_cdc_DataIn
                0x08020e0c       0x98 ..\obj\usbd_cdc_core.o
 .text.usbd_cdc_DataOut
                0x08020ea4       0x4c ..\obj\usbd_cdc_core.o
 .text.usbd_cdc_SOF
                0x08020ef0       0x30 ..\obj\usbd_cdc_core.o
 .text.Handle_USBAsynchXfer
                0x08020f20       0xd4 ..\obj\usbd_cdc_core.o
 .text.USBD_cdc_GetCfgDesc
                0x08020ff4       0x24 ..\obj\usbd_cdc_core.o
 .text.ui_si570_setbits
                0x08021018       0x2c ..\obj\ui_si570.o
 .text.ui_si570_verify_frequency
                0x08021044       0x5c ..\obj\ui_si570.o
 .text.ui_si570_small_frequency_change
                0x080210a0       0xac ..\obj\ui_si570.o
 .text.ui_si570_large_frequency_change
                0x0802114c      0x118 ..\obj\ui_si570.o
 *fill*         0x08021264        0x4 
 .text.ui_si570_is_large_change
                0x08021268       0xb0 ..\obj\ui_si570.o
 .text.ui_si570_get_configuration
                0x08021318      0x1e4 ..\obj\ui_si570.o
                0x08021318                ui_si570_get_configuration
 .text.ui_si570_change_frequency
                0x080214fc      0x318 ..\obj\ui_si570.o
 *fill*         0x08021814        0x4 
 .text.ui_si570_set_frequency
                0x08021818       0xf8 ..\obj\ui_si570.o
                0x08021818                ui_si570_set_frequency
 .text.ui_si570_init_temp_sensor
                0x08021910       0x68 ..\obj\ui_si570.o
                0x08021910                ui_si570_init_temp_sensor
 .text.ui_si570_read_temp
                0x08021978       0x3c ..\obj\ui_si570.o
                0x08021978                ui_si570_read_temp
 .text.ui_si570_conv_temp
                0x080219b4       0xa8 ..\obj\ui_si570.o
                0x080219b4                ui_si570_conv_temp
 .text.OTG_FS_IRQHandler
                0x08021a5c       0x10 ..\obj\cat_driver.o
                0x08021a5c                OTG_FS_IRQHandler
 .text.cat_driver_init
                0x08021a6c       0x34 ..\obj\cat_driver.o
                0x08021a6c                cat_driver_init
 .text.cat_driver_stop
                0x08021aa0       0x1c ..\obj\cat_driver.o
                0x08021aa0                cat_driver_stop
 .text.SPI_I2S_DeInit
                0x08021abc       0x74 ..\obj\stm32f4xx_spi.o
                0x08021abc                SPI_I2S_DeInit
 .text.SPI_Init
                0x08021b30       0x88 ..\obj\stm32f4xx_spi.o
                0x08021b30                SPI_Init
 .text.I2S_Init
                0x08021bb8      0x1b4 ..\obj\stm32f4xx_spi.o
                0x08021bb8                I2S_Init
 .text.SPI_Cmd  0x08021d6c       0x40 ..\obj\stm32f4xx_spi.o
                0x08021d6c                SPI_Cmd
 .text.I2S_Cmd  0x08021dac       0x40 ..\obj\stm32f4xx_spi.o
                0x08021dac                I2S_Cmd
 .text.I2S_FullDuplexConfig
                0x08021dec       0x9c ..\obj\stm32f4xx_spi.o
                0x08021dec                I2S_FullDuplexConfig
 .text.SPI_I2S_ReceiveData
                0x08021e88       0x1c ..\obj\stm32f4xx_spi.o
                0x08021e88                SPI_I2S_ReceiveData
 .text.SPI_I2S_SendData
                0x08021ea4       0x1c ..\obj\stm32f4xx_spi.o
                0x08021ea4                SPI_I2S_SendData
 .text.SPI_I2S_DMACmd
                0x08021ec0       0x48 ..\obj\stm32f4xx_spi.o
                0x08021ec0                SPI_I2S_DMACmd
 .text.SPI_I2S_GetFlagStatus
                0x08021f08       0x38 ..\obj\stm32f4xx_spi.o
                0x08021f08                SPI_I2S_GetFlagStatus
 .text.softdds_setfreq
                0x08021f40       0x68 ..\obj\softdds.o
                0x08021f40                softdds_setfreq
 .text.softdds_runf
                0x08021fa8       0xa4 ..\obj\softdds.o
                0x08021fa8                softdds_runf
 .text.I2C_DeInit
                0x0802204c       0x74 ..\obj\stm32f4xx_i2c.o
                0x0802204c                I2C_DeInit
 .text.I2C_Init
                0x080220c0      0x184 ..\obj\stm32f4xx_i2c.o
                0x080220c0                I2C_Init
 .text.I2C_Cmd  0x08022244       0x40 ..\obj\stm32f4xx_i2c.o
                0x08022244                I2C_Cmd
 .text.I2C_GenerateSTART
                0x08022284       0x40 ..\obj\stm32f4xx_i2c.o
                0x08022284                I2C_GenerateSTART
 .text.I2C_GenerateSTOP
                0x080222c4       0x40 ..\obj\stm32f4xx_i2c.o
                0x080222c4                I2C_GenerateSTOP
 .text.I2C_Send7bitAddress
                0x08022304       0x3c ..\obj\stm32f4xx_i2c.o
                0x08022304                I2C_Send7bitAddress
 .text.I2C_AcknowledgeConfig
                0x08022340       0x40 ..\obj\stm32f4xx_i2c.o
                0x08022340                I2C_AcknowledgeConfig
 .text.I2C_SendData
                0x08022380       0x20 ..\obj\stm32f4xx_i2c.o
                0x08022380                I2C_SendData
 .text.I2C_ReceiveData
                0x080223a0       0x1c ..\obj\stm32f4xx_i2c.o
                0x080223a0                I2C_ReceiveData
 .text.I2C_CheckEvent
                0x080223bc       0x60 ..\obj\stm32f4xx_i2c.o
                0x080223bc                I2C_CheckEvent
 .text.I2C_GetFlagStatus
                0x0802241c       0x68 ..\obj\stm32f4xx_i2c.o
                0x0802241c                I2C_GetFlagStatus
 .text.I2C_ClearFlag
                0x08022484       0x2c ..\obj\stm32f4xx_i2c.o
                0x08022484                I2C_ClearFlag
 .text.EXTI_Init
                0x080224b0       0xe4 ..\obj\stm32f4xx_exti.o
                0x080224b0                EXTI_Init
 .text.EXTI_GetITStatus
                0x08022594       0x48 ..\obj\stm32f4xx_exti.o
                0x08022594                EXTI_GetITStatus
 .text.EXTI_ClearITPendingBit
                0x080225dc       0x1c ..\obj\stm32f4xx_exti.o
                0x080225dc                EXTI_ClearITPendingBit
 .text.NVIC_PriorityGroupConfig
                0x080225f8       0x24 ..\obj\misc.o
                0x080225f8                NVIC_PriorityGroupConfig
 .text.NVIC_Init
                0x0802261c       0xc0 ..\obj\misc.o
                0x0802261c                NVIC_Init
 .text.SysTick_CLKSourceConfig
                0x080226dc       0x38 ..\obj\misc.o
                0x080226dc                SysTick_CLKSourceConfig
 .text.DCD_Init
                0x08022714      0x104 ..\obj\usb_dcd.o
                0x08022714                DCD_Init
 .text.DCD_DeInit
                0x08022818       0x14 ..\obj\usb_dcd.o
                0x08022818                DCD_DeInit
 .text.DCD_EP_Open
                0x0802282c       0xac ..\obj\usb_dcd.o
                0x0802282c                DCD_EP_Open
 .text.DCD_EP_Close
                0x080228d8       0x74 ..\obj\usb_dcd.o
                0x080228d8                DCD_EP_Close
 .text.DCD_EP_PrepareRx
                0x0802294c       0x84 ..\obj\usb_dcd.o
                0x0802294c                DCD_EP_PrepareRx
 .text.DCD_EP_Tx
                0x080229d0       0x78 ..\obj\usb_dcd.o
                0x080229d0                DCD_EP_Tx
 .text.DCD_EP_Stall
                0x08022a48       0x78 ..\obj\usb_dcd.o
                0x08022a48                DCD_EP_Stall
 .text.DCD_EP_ClrStall
                0x08022ac0       0x78 ..\obj\usb_dcd.o
                0x08022ac0                DCD_EP_ClrStall
 .text.DCD_EP_SetAddress
                0x08022b38       0x3c ..\obj\usb_dcd.o
                0x08022b38                DCD_EP_SetAddress
 .text.mchf_hw_i2c2_init
                0x08022b74       0x8c ..\obj\mchf_hw_i2c2.o
                0x08022b74                mchf_hw_i2c2_init
 .text.mchf_hw_i2c2_WriteRegister
                0x08022c00      0x168 ..\obj\mchf_hw_i2c2.o
                0x08022c00                mchf_hw_i2c2_WriteRegister
 .text.cw_gen_init
                0x08022d68       0x5c ..\obj\cw_gen.o
                0x08022d68                cw_gen_init
 .text.cw_gen_remove_click_on_rising_edge
                0x08022dc4       0xb8 ..\obj\cw_gen.o
                0x08022dc4                cw_gen_remove_click_on_rising_edge
 .text.cw_gen_remove_click_on_falling_edge
                0x08022e7c       0xc8 ..\obj\cw_gen.o
                0x08022e7c                cw_gen_remove_click_on_falling_edge
 .text.cw_gen_check_keyer_state
                0x08022f44       0x88 ..\obj\cw_gen.o
                0x08022f44                cw_gen_check_keyer_state
 .text.cw_gen_process
                0x08022fcc       0x40 ..\obj\cw_gen.o
                0x08022fcc                cw_gen_process
 .text.cw_gen_process_strk
                0x0802300c       0xe4 ..\obj\cw_gen.o
                0x0802300c                cw_gen_process_strk
 .text.cw_gen_process_iamb
                0x080230f0      0x244 ..\obj\cw_gen.o
                0x080230f0                cw_gen_process_iamb
 .text.cw_gen_dah_IRQ
                0x08023334       0x70 ..\obj\cw_gen.o
                0x08023334                cw_gen_dah_IRQ
 .text.cw_gen_dit_IRQ
                0x080233a4       0x30 ..\obj\cw_gen.o
                0x080233a4                cw_gen_dit_IRQ
 .text.NVIC_SetPriority
                0x080233d4       0x54 ..\obj\mchf_board.o
 .text.SysTick_Config
                0x08023428       0x44 ..\obj\mchf_board.o
 .text.mchf_board_led_init
                0x0802346c       0x40 ..\obj\mchf_board.o
 .text.mchf_board_debug_init
                0x080234ac        0xc ..\obj\mchf_board.o
 .text.mchf_board_keypad_init
                0x080234b8       0x4c ..\obj\mchf_board.o
 .text.mchf_board_ptt_init
                0x08023504       0x30 ..\obj\mchf_board.o
 .text.mchf_board_keyer_irq_init
                0x08023534       0xc8 ..\obj\mchf_board.o
 .text.mchf_board_power_button_irq_init
                0x080235fc       0x74 ..\obj\mchf_board.o
 .text.mchf_board_dac0_init
                0x08023670       0x60 ..\obj\mchf_board.o
 .text.mchf_board_dac1_init
                0x080236d0       0x60 ..\obj\mchf_board.o
 .text.mchf_board_adc1_init
                0x08023730       0x9c ..\obj\mchf_board.o
 .text.mchf_board_adc2_init
                0x080237cc       0x9c ..\obj\mchf_board.o
 .text.mchf_board_adc3_init
                0x08023868       0x9c ..\obj\mchf_board.o
 .text.mchf_board_power_down_init
                0x08023904       0x38 ..\obj\mchf_board.o
 .text.mchf_board_band_cntr_init
                0x0802393c       0x48 ..\obj\mchf_board.o
 .text.mchf_board_set_system_tick_value
                0x08023984       0x30 ..\obj\mchf_board.o
 .text.mchf_board_green_led
                0x080239b4       0x44 ..\obj\mchf_board.o
                0x080239b4                mchf_board_green_led
 .text.mchf_board_power_off
                0x080239f8      0x210 ..\obj\mchf_board.o
                0x080239f8                mchf_board_power_off
 .text.mchf_board_init
                0x08023c08       0x74 ..\obj\mchf_board.o
                0x08023c08                mchf_board_init
 .text.mchf_board_post_init
                0x08023c7c       0x18 ..\obj\mchf_board.o
                0x08023c7c                mchf_board_post_init
 .text.Read_VirtEEPROM
                0x08023c94       0x2c ..\obj\mchf_board.o
                0x08023c94                Read_VirtEEPROM
 .text.Write_VirtEEPROM
                0x08023cc0       0x34 ..\obj\mchf_board.o
                0x08023cc0                Write_VirtEEPROM
 .text.USBD_CtlSendData
                0x08023cf4       0x40 ..\obj\usbd_ioreq.o
                0x08023cf4                USBD_CtlSendData
 .text.USBD_CtlContinueSendData
                0x08023d34       0x28 ..\obj\usbd_ioreq.o
                0x08023d34                USBD_CtlContinueSendData
 .text.USBD_CtlPrepareRx
                0x08023d5c       0x40 ..\obj\usbd_ioreq.o
                0x08023d5c                USBD_CtlPrepareRx
 .text.USBD_CtlContinueRx
                0x08023d9c       0x28 ..\obj\usbd_ioreq.o
                0x08023d9c                USBD_CtlContinueRx
 .text.USBD_CtlSendStatus
                0x08023dc4       0x30 ..\obj\usbd_ioreq.o
                0x08023dc4                USBD_CtlSendStatus
 .text.USBD_CtlReceiveStatus
                0x08023df4       0x30 ..\obj\usbd_ioreq.o
                0x08023df4                USBD_CtlReceiveStatus
 .text.USBD_OTG_BSP_Init
                0x08023e24       0x50 ..\obj\usbd_bsp.o
                0x08023e24                USBD_OTG_BSP_Init
 .text.USBD_OTG_BSP_DeInit
                0x08023e74       0x4c ..\obj\usbd_bsp.o
                0x08023e74                USBD_OTG_BSP_DeInit
 .text.USBD_OTG_BSP_EnableInterrupt
                0x08023ec0       0x30 ..\obj\usbd_bsp.o
                0x08023ec0                USBD_OTG_BSP_EnableInterrupt
 .text.USBD_OTG_BSP_uDelay
                0x08023ef0       0x48 ..\obj\usbd_bsp.o
                0x08023ef0                USBD_OTG_BSP_uDelay
 .text.USBD_OTG_BSP_mDelay
                0x08023f38       0x20 ..\obj\usbd_bsp.o
                0x08023f38                USBD_OTG_BSP_mDelay
 .text.TIM_TimeBaseInit
                0x08023f58       0xd4 ..\obj\stm32f4xx_tim.o
                0x08023f58                TIM_TimeBaseInit
 .text.TIM_GetCounter
                0x0802402c       0x18 ..\obj\stm32f4xx_tim.o
                0x0802402c                TIM_GetCounter
 .text.TIM_Cmd  0x08024044       0x40 ..\obj\stm32f4xx_tim.o
                0x08024044                TIM_Cmd
 .text.TIM_GetITStatus
                0x08024084       0x54 ..\obj\stm32f4xx_tim.o
                0x08024084                TIM_GetITStatus
 .text.TIM_ClearITPendingBit
                0x080240d8       0x20 ..\obj\stm32f4xx_tim.o
                0x080240d8                TIM_ClearITPendingBit
 .text.TIM_EncoderInterfaceConfig
                0x080240f8       0x98 ..\obj\stm32f4xx_tim.o
                0x080240f8                TIM_EncoderInterfaceConfig
 .text.arm_sqrt_f32
                0x08024190       0x44 ..\obj\ui_driver.o
 .text.ui_driver_init
                0x080241d4      0x100 ..\obj\ui_driver.o
                0x080241d4                ui_driver_init
 .text.ui_driver_thread
                0x080242d4        0xc ..\obj\ui_driver.o
                0x080242d4                ui_driver_thread
 .text.ui_driver_irq
                0x080242e0       0xb4 ..\obj\ui_driver.o
                0x080242e0                ui_driver_irq
 .text.ui_driver_toggle_tx
                0x08024394      0x17c ..\obj\ui_driver.o
                0x08024394                ui_driver_toggle_tx
 .text.UiDriverPublicsInit
                0x08024510       0xd0 ..\obj\ui_driver.o
 .text.UiDriverProcessKeyboard
                0x080245e0      0x870 ..\obj\ui_driver.o
 .text.UiDriverPressHoldStep
                0x08024e50       0xcc ..\obj\ui_driver.o
 .text.UiDriverProcessActiveFilterScan
                0x08024f1c      0x218 ..\obj\ui_driver.o
 .text.UiDriverProcessFunctionKeyClick
                0x08025134      0x4c0 ..\obj\ui_driver.o
 .text.UiDriverShowMode
                0x080255f4       0xe8 ..\obj\ui_driver.o
                0x080255f4                UiDriverShowMode
 .text.UiDriverShowStep
                0x080256dc      0x1c4 ..\obj\ui_driver.o
                0x080256dc                UiDriverShowStep
 .text.UiDriverShowBand
                0x080258a0      0x188 ..\obj\ui_driver.o
 .text.UiDriverChangeBandFilter
                0x08025a28      0x23c ..\obj\ui_driver.o
                0x08025a28                UiDriverChangeBandFilter
 .text.UiDriverCreateDesktop
                0x08025c64      0x170 ..\obj\ui_driver.o
 .text.UiDriverCreateFunctionButtons
                0x08025dd4      0x188 ..\obj\ui_driver.o
 .text.UiDriverDrawWhiteSMeter
                0x08025f5c       0xb0 ..\obj\ui_driver.o
 .text.UiDriverDrawRedSMeter
                0x0802600c       0xb0 ..\obj\ui_driver.o
 .text.UiDriverDeleteSMeter
                0x080260bc       0x40 ..\obj\ui_driver.o
 .text.UiDriverCreateSMeter
                0x080260fc      0x7e0 ..\obj\ui_driver.o
 .text.UiDriverUpdateTopMeterA
                0x080268dc       0xd0 ..\obj\ui_driver.o
 .text.UiDriverUpdateBtmMeter
                0x080269ac       0xdc ..\obj\ui_driver.o
 .text.UiDrawSpectrumScopeFrequencyBarText
                0x08026a88      0x34c ..\obj\ui_driver.o
 .text.UiDriverCreateSpectrumScope
                0x08026dd4      0x28c ..\obj\ui_driver.o
 .text.UiDriverClearSpectrumDisplay
                0x08027060       0x48 ..\obj\ui_driver.o
                0x08027060                UiDriverClearSpectrumDisplay
 .text.UiDriverInitFrequency
                0x080270a8      0x124 ..\obj\ui_driver.o
 .text.UiDriverCheckFilter
                0x080271cc       0x9c ..\obj\ui_driver.o
 .text.UiDriverCheckBand
                0x08027268       0x88 ..\obj\ui_driver.o
                0x08027268                UiDriverCheckBand
 .text.UiDriverUpdateFrequency
                0x080272f0      0x1a4 ..\obj\ui_driver.o
                0x080272f0                UiDriverUpdateFrequency
 .text.UiDriverUpdateFrequencyFast
                0x08027494       0xec ..\obj\ui_driver.o
                0x08027494                UiDriverUpdateFrequencyFast
 .text.UiDriverUpdateLcdFreq
                0x08027580      0x470 ..\obj\ui_driver.o
 .text.UiDriverUpdateSecondLcdFreq
                0x080279f0      0x40c ..\obj\ui_driver.o
 .text.UiDriverChangeTuningStep
                0x08027dfc       0x64 ..\obj\ui_driver.o
 .text.UiDriverButtonCheck
                0x08027e60       0x48 ..\obj\ui_driver.o
 .text.UiDriverTimeScheduler
                0x08027ea8      0x648 ..\obj\ui_driver.o
 .text.UiDriverChangeDemodMode
                0x080284f0       0xa0 ..\obj\ui_driver.o
 .text.UiDriverChangeBand
                0x08028590      0x1ac ..\obj\ui_driver.o
 .text.UiDriverCheckFrequencyEncoder
                0x0802873c       0xfc ..\obj\ui_driver.o
 .text.UiDriverCheckEncoderOne
                0x08028838      0x1c4 ..\obj\ui_driver.o
 .text.UiDriverCheckEncoderTwo
                0x080289fc      0x298 ..\obj\ui_driver.o
 .text.UiDriverCheckEncoderThree
                0x08028c94      0x32c ..\obj\ui_driver.o
 .text.UiDriverChangeEncoderOneMode
                0x08028fc0       0xd8 ..\obj\ui_driver.o
 .text.UiDriverChangeEncoderTwoMode
                0x08029098       0x9c ..\obj\ui_driver.o
 .text.UiDriverChangeEncoderThreeMode
                0x08029134       0xd8 ..\obj\ui_driver.o
 .text.UiDriverChangeAfGain
                0x0802920c       0xa8 ..\obj\ui_driver.o
 .text.UiDriverChangeStGain
                0x080292b4       0xa8 ..\obj\ui_driver.o
                0x080292b4                UiDriverChangeStGain
 .text.UiDriverChangeCmpLevel
                0x0802935c       0xd8 ..\obj\ui_driver.o
                0x0802935c                UiDriverChangeCmpLevel
 .text.UiDriverChangeDSPMode
                0x08029434      0x188 ..\obj\ui_driver.o
 .text.UiDriverChangePowerLevel
                0x080295bc       0xf4 ..\obj\ui_driver.o
 .text.UiDriverChangeKeyerSpeed
                0x080296b0       0xc4 ..\obj\ui_driver.o
                0x080296b0                UiDriverChangeKeyerSpeed
 .text.UIDriverChangeAudioGain
                0x08029774      0x104 ..\obj\ui_driver.o
                0x08029774                UIDriverChangeAudioGain
 .text.UiDriverChangeRfGain
                0x08029878       0xdc ..\obj\ui_driver.o
                0x08029878                UiDriverChangeRfGain
 .text.UiDriverChangeSigProc
                0x08029954      0x1bc ..\obj\ui_driver.o
 .text.UiDriverChangeRit
                0x08029b10       0xec ..\obj\ui_driver.o
 .text.UiDriverChangeFilter
                0x08029bfc      0x144 ..\obj\ui_driver.o
                0x08029bfc                UiDriverChangeFilter
 .text.UiDriverInitSpectrumDisplay
                0x08029d40      0x108 ..\obj\ui_driver.o
 .text.UiDriverReDrawSpectrumDisplay
                0x08029e48      0x970 ..\obj\ui_driver.o
 .text.UiDriverGetScopeTraceColour
                0x0802a7b8       0xa8 ..\obj\ui_driver.o
 .text.UiDriverHandleSmeter
                0x0802a860      0x2a4 ..\obj\ui_driver.o
 .text.UiDriverHandleSWRMeter
                0x0802ab04      0x3cc ..\obj\ui_driver.o
 .text.UiDriverHandlePowerSupply
                0x0802aed0      0x274 ..\obj\ui_driver.o
 .text.UiDriverUpdateLoMeter
                0x0802b144       0xd0 ..\obj\ui_driver.o
 .text.UiDriverCreateTemperatureDisplay
                0x0802b214      0x144 ..\obj\ui_driver.o
                0x0802b214                UiDriverCreateTemperatureDisplay
 .text.UiDriverRefreshTemperatureDisplay
                0x0802b358      0x248 ..\obj\ui_driver.o
 .text.UiDriverHandleLoTemperature
                0x0802b5a0      0x27c ..\obj\ui_driver.o
 .text.UiDriverSwitchOffPtt
                0x0802b81c       0xc4 ..\obj\ui_driver.o
 .text.UiDriverSetBandPowerFactor
                0x0802b8e0      0x28c ..\obj\ui_driver.o
                0x0802b8e0                UiDriverSetBandPowerFactor
 .text.UiCWSidebandMode
                0x0802bb6c       0x8c ..\obj\ui_driver.o
                0x0802bb6c                UiCWSidebandMode
 .text.UiCalcNB_AGC
                0x0802bbf8       0xe8 ..\obj\ui_driver.o
                0x0802bbf8                UiCalcNB_AGC
 .text.UiCalcRxIqGainAdj
                0x0802bce0       0xb4 ..\obj\ui_driver.o
                0x0802bce0                UiCalcRxIqGainAdj
 .text.UiCalcTxIqGainAdj
                0x0802bd94       0x94 ..\obj\ui_driver.o
                0x0802bd94                UiCalcTxIqGainAdj
 .text.UiCalcRxPhaseAdj
                0x0802be28      0x448 ..\obj\ui_driver.o
                0x0802be28                UiCalcRxPhaseAdj
 .text.UiCalcTxCompLevel
                0x0802c270      0x20c ..\obj\ui_driver.o
                0x0802c270                UiCalcTxCompLevel
 .text.UiCalcTxPhaseAdj
                0x0802c47c      0x220 ..\obj\ui_driver.o
                0x0802c47c                UiCalcTxPhaseAdj
 .text.UiDriverLoadFilterValue
                0x0802c69c       0x50 ..\obj\ui_driver.o
                0x0802c69c                UiDriverLoadFilterValue
 .text.UiDriverLoadEepromValues
                0x0802c6ec     0x10bc ..\obj\ui_driver.o
 .text.UiDriverSaveEepromValuesPowerDown
                0x0802d7a8     0x11ec ..\obj\ui_driver.o
                0x0802d7a8                UiDriverSaveEepromValuesPowerDown
 .text.EE_InitA
                0x0802e994      0x2a0 ..\obj\eeprom.o
                0x0802e994                EE_InitA
 .text.EE_Init  0x0802ec34       0x20 ..\obj\eeprom.o
                0x0802ec34                EE_Init
 .text.EE_ReadVariable
                0x0802ec54       0x94 ..\obj\eeprom.o
                0x0802ec54                EE_ReadVariable
 .text.EE_WriteVariable
                0x0802ece8       0x4c ..\obj\eeprom.o
                0x0802ece8                EE_WriteVariable
 .text.EE_Format
                0x0802ed34       0x50 ..\obj\eeprom.o
 .text.EE_FindValidPage
                0x0802ed84       0x8c ..\obj\eeprom.o
 .text.EE_VerifyPageFullWriteVariable
                0x0802ee10       0xb0 ..\obj\eeprom.o
 .text.EE_PageTransfer
                0x0802eec0      0x138 ..\obj\eeprom.o
 .text.arm_fill_q15
                0x0802eff8       0xe4 ..\..\..\libs\libarm_cortexM4lf_math.a(arm_fill_q15.o)
                0x0802eff8                arm_fill_q15
 .text.arm_copy_f32
                0x0802f0dc      0x158 ..\..\..\libs\libarm_cortexM4lf_math.a(arm_copy_f32.o)
                0x0802f0dc                arm_copy_f32
 .text.arm_min_f32
                0x0802f234      0x15c ..\..\..\libs\libarm_cortexM4lf_math.a(arm_min_f32.o)
                0x0802f234                arm_min_f32
 .text.arm_mean_f32
                0x0802f390      0x1c8 ..\..\..\libs\libarm_cortexM4lf_math.a(arm_mean_f32.o)
                0x0802f390                arm_mean_f32
 .text.arm_max_q15
                0x0802f558       0xe4 ..\..\..\libs\libarm_cortexM4lf_math.a(arm_max_q15.o)
                0x0802f558                arm_max_q15
 .text.arm_max_f32
                0x0802f63c      0x15c ..\..\..\libs\libarm_cortexM4lf_math.a(arm_max_f32.o)
                0x0802f63c                arm_max_f32
 .text.arm_split_rfft_q15
                0x0802f798      0x1b4 ..\..\..\libs\libarm_cortexM4lf_math.a(arm_rfft_q15.o)
                0x0802f798                arm_split_rfft_q15
 .text.arm_rfft_q15
                0x0802f94c      0x2cc ..\..\..\libs\libarm_cortexM4lf_math.a(arm_rfft_q15.o)
                0x0802f94c                arm_rfft_q15
 .text.arm_rfft_init_q15
                0x0802fc18       0x78 ..\..\..\libs\libarm_cortexM4lf_math.a(arm_rfft_init_q15.o)
                0x0802fc18                arm_rfft_init_q15
 .text.arm_radix4_butterfly_q15
                0x0802fc90      0x2fc ..\..\..\libs\libarm_cortexM4lf_math.a(arm_cfft_radix4_q15.o)
                0x0802fc90                arm_radix4_butterfly_q15
 .text.arm_radix4_butterfly_inverse_q15
                0x0802ff8c      0x2fc ..\..\..\libs\libarm_cortexM4lf_math.a(arm_cfft_radix4_q15.o)
                0x0802ff8c                arm_radix4_butterfly_inverse_q15
 .text.arm_bitreversal_q15
                0x08030288      0x118 ..\..\..\libs\libarm_cortexM4lf_math.a(arm_cfft_radix4_q15.o)
                0x08030288                arm_bitreversal_q15
 .text.arm_cfft_radix4_init_q15
                0x080303a0       0x7c ..\..\..\libs\libarm_cortexM4lf_math.a(arm_cfft_radix4_init_q15.o)
                0x080303a0                arm_cfft_radix4_init_q15
 .text.arm_lms_norm_init_f32
                0x0803041c       0x38 ..\..\..\libs\libarm_cortexM4lf_math.a(arm_lms_norm_init_f32.o)
                0x0803041c                arm_lms_norm_init_f32
 .text.arm_lms_norm_f32
                0x08030454      0x620 ..\..\..\libs\libarm_cortexM4lf_math.a(arm_lms_norm_f32.o)
                0x08030454                arm_lms_norm_f32
 .text.arm_iir_lattice_f32
                0x08030a74      0x3e0 ..\..\..\libs\libarm_cortexM4lf_math.a(arm_iir_lattice_f32.o)
                0x08030a74                arm_iir_lattice_f32
 .text.arm_fir_interpolate_f32
                0x08030e54      0x44c ..\..\..\libs\libarm_cortexM4lf_math.a(arm_fir_interpolate_f32.o)
                0x08030e54                arm_fir_interpolate_f32
 .text.arm_fir_init_f32
                0x080312a0       0x24 ..\..\..\libs\libarm_cortexM4lf_math.a(arm_fir_init_f32.o)
                0x080312a0                arm_fir_init_f32
 .text.arm_fir_f32
                0x080312c4      0x498 ..\..\..\libs\libarm_cortexM4lf_math.a(arm_fir_f32.o)
                0x080312c4                arm_fir_f32
 .text.arm_fir_decimate_f32
                0x0803175c      0x3e0 ..\..\..\libs\libarm_cortexM4lf_math.a(arm_fir_decimate_f32.o)
                0x0803175c                arm_fir_decimate_f32
 .text.arm_cmplx_mag_q15
                0x08031b3c      0x178 ..\..\..\libs\libarm_cortexM4lf_math.a(arm_cmplx_mag_q15.o)
                0x08031b3c                arm_cmplx_mag_q15
 .text.arm_sqrt_q15
                0x08031cb4      0x3e4 ..\..\..\libs\libarm_cortexM4lf_math.a(arm_sqrt_q15.o)
                0x08031cb4                arm_sqrt_q15
 .text.arm_sub_f32
                0x08032098      0x214 ..\..\..\libs\libarm_cortexM4lf_math.a(arm_sub_f32.o)
                0x08032098                arm_sub_f32
 .text.arm_shift_q15
                0x080322ac      0x434 ..\..\..\libs\libarm_cortexM4lf_math.a(arm_shift_q15.o)
                0x080322ac                arm_shift_q15
 .text.arm_scale_f32
                0x080326e0      0x274 ..\..\..\libs\libarm_cortexM4lf_math.a(arm_scale_f32.o)
                0x080326e0                arm_scale_f32
 .text.arm_mult_f32
                0x08032954      0x214 ..\..\..\libs\libarm_cortexM4lf_math.a(arm_mult_f32.o)
                0x08032954                arm_mult_f32
 .text.arm_add_f32
                0x08032b68      0x214 ..\..\..\libs\libarm_cortexM4lf_math.a(arm_add_f32.o)
                0x08032b68                arm_add_f32
 *fill*         0x08032d7c        0x4 
 .text.pow10    0x08032d80       0x18 ..\..\..\libs\libm.a(lib_a-s_pow10.o)
                0x08032d80                pow10
 .text.ceilf    0x08032d98       0x94 ..\..\..\libs\libm.a(lib_a-sf_ceil.o)
                0x08032d98                ceilf
 .text.floorf   0x08032e2c       0x9c ..\..\..\libs\libm.a(lib_a-sf_floor.o)
                0x08032e2c                floorf
 .text.truncf   0x08032ec8       0x34 ..\..\..\libs\libm.a(lib_a-sf_trunc.o)
                0x08032ec8                truncf
 .text.pow      0x08032efc      0x370 ..\..\..\libs\libm.a(lib_a-w_pow.o)
                0x08032efc                pow
 .text.sqrt     0x0803326c       0xbc ..\..\..\libs\libm.a(lib_a-w_sqrt.o)
                0x0803326c                sqrt
 .text.log10f   0x08033328       0xf8 ..\..\..\libs\libm.a(lib_a-wf_log10.o)
                0x08033328                log10f
 .text.powf     0x08033420      0x39c ..\..\..\libs\libm.a(lib_a-wf_pow.o)
                0x08033420                powf
 .text.sqrtf    0x080337bc       0xb4 ..\..\..\libs\libm.a(lib_a-wf_sqrt.o)
                0x080337bc                sqrtf
 .text.__ieee754_pow
                0x08033870      0xb90 ..\..\..\libs\libm.a(lib_a-e_pow.o)
                0x08033870                __ieee754_pow
 .text.__ieee754_sqrt
                0x08034400      0x1c4 ..\..\..\libs\libm.a(lib_a-e_sqrt.o)
                0x08034400                __ieee754_sqrt
 .text.__ieee754_log10f
                0x080345c4       0xbc ..\..\..\libs\libm.a(lib_a-ef_log10.o)
                0x080345c4                __ieee754_log10f
 .text.__ieee754_powf
                0x08034680      0x600 ..\..\..\libs\libm.a(lib_a-ef_pow.o)
                0x08034680                __ieee754_powf
 .text.__ieee754_sqrtf
                0x08034c80       0x9c ..\..\..\libs\libm.a(lib_a-ef_sqrt.o)
                0x08034c80                __ieee754_sqrtf
 .text.fabs     0x08034d1c       0x14 ..\..\..\libs\libm.a(lib_a-s_fabs.o)
                0x08034d1c                fabs
 .text.finite   0x08034d30       0x14 ..\..\..\libs\libm.a(lib_a-s_finite.o)
                0x08034d30                finite
 .text.__fpclassifyd
                0x08034d44       0x70 ..\..\..\libs\libm.a(lib_a-s_fpclassify.o)
                0x08034d44                __fpclassifyd
 .text.matherr  0x08034db4        0x4 ..\..\..\libs\libm.a(lib_a-s_matherr.o)
                0x08034db4                matherr
 .text.nan      0x08034db8       0x10 ..\..\..\libs\libm.a(lib_a-s_nan.o)
                0x08034db8                nan
 .text.rint     0x08034dc8      0x124 ..\..\..\libs\libm.a(lib_a-s_rint.o)
                0x08034dc8                rint
 *fill*         0x08034eec        0x4 
 .text.scalbn   0x08034ef0      0x120 ..\..\..\libs\libm.a(lib_a-s_scalbn.o)
                0x08034ef0                scalbn
 .text.fabsf    0x08035010       0x10 ..\..\..\libs\libm.a(lib_a-sf_fabs.o)
                0x08035010                fabsf
 .text.finitef  0x08035020       0x14 ..\..\..\libs\libm.a(lib_a-sf_finite.o)
                0x08035020                finitef
 .text.__fpclassifyf
                0x08035034       0x5c ..\..\..\libs\libm.a(lib_a-sf_fpclassify.o)
                0x08035034                __fpclassifyf
 .text.nanf     0x08035090        0xc ..\..\..\libs\libm.a(lib_a-sf_nan.o)
                0x08035090                nanf
 .text.scalbnf  0x0803509c       0xcc ..\..\..\libs\libm.a(lib_a-sf_scalbn.o)
                0x0803509c                scalbnf
 .text.__ieee754_logf
                0x08035168      0x204 ..\..\..\libs\libm.a(lib_a-ef_log.o)
                0x08035168                __ieee754_logf
 .text.copysign
                0x0803536c       0x24 ..\..\..\libs\libm.a(lib_a-s_copysign.o)
                0x0803536c                copysign
 .text.copysignf
                0x08035390       0x18 ..\..\..\libs\libm.a(lib_a-sf_copysign.o)
                0x08035390                copysignf
 .text          0x080353a8      0x370 c:/program files/gnu tools arm embedded/4.9 2014q4/bin/../lib/gcc/arm-none-eabi/4.9.3/armv7e-m/fpu\libgcc.a(_arm_addsubdf3.o)
                0x080353a8                __aeabi_drsub
                0x080353b0                __aeabi_dsub
                0x080353b0                __subdf3
                0x080353b4                __aeabi_dadd
                0x080353b4                __adddf3
                0x0803562c                __floatunsidf
                0x0803562c                __aeabi_ui2d
                0x0803564c                __floatsidf
                0x0803564c                __aeabi_i2d
                0x08035670                __aeabi_f2d
                0x08035670                __extendsfdf2
                0x080356ac                __floatundidf
                0x080356ac                __aeabi_ul2d
                0x080356bc                __floatdidf
                0x080356bc                __aeabi_l2d
 .text          0x08035718      0x424 c:/program files/gnu tools arm embedded/4.9 2014q4/bin/../lib/gcc/arm-none-eabi/4.9.3/armv7e-m/fpu\libgcc.a(_arm_muldivdf3.o)
                0x08035718                __aeabi_dmul
                0x08035718                __muldf3
                0x0803596c                __divdf3
                0x0803596c                __aeabi_ddiv
 .text          0x08035b3c      0x110 c:/program files/gnu tools arm embedded/4.9 2014q4/bin/../lib/gcc/arm-none-eabi/4.9.3/armv7e-m/fpu\libgcc.a(_arm_cmpdf2.o)
                0x08035b3c                __gtdf2
                0x08035b3c                __gedf2
                0x08035b44                __ltdf2
                0x08035b44                __ledf2
                0x08035b4c                __nedf2
                0x08035b4c                __eqdf2
                0x08035b4c                __cmpdf2
                0x08035bc8                __aeabi_cdrcmple
                0x08035bd8                __aeabi_cdcmpeq
                0x08035bd8                __aeabi_cdcmple
                0x08035be8                __aeabi_dcmpeq
                0x08035bfc                __aeabi_dcmplt
                0x08035c10                __aeabi_dcmple
                0x08035c24                __aeabi_dcmpge
                0x08035c38                __aeabi_dcmpgt
 .text          0x08035c4c       0xa0 c:/program files/gnu tools arm embedded/4.9 2014q4/bin/../lib/gcc/arm-none-eabi/4.9.3/armv7e-m/fpu\libgcc.a(_arm_truncdfsf2.o)
                0x08035c4c                __truncdfsf2
                0x08035c4c                __aeabi_d2f
 .text.__errno  0x08035cec        0xc ..\..\..\libs\libc.a(lib_a-errno.o)
                0x08035cec                __errno
 .text.memcmp   0x08035cf8       0x60 ..\..\..\libs\libc.a(lib_a-memcmp.o)
                0x08035cf8                memcmp
 .text.memset   0x08035d58       0x90 ..\..\..\libs\libc.a(lib_a-memset.o)
                0x08035d58                memset
 .text.strlen   0x08035de8       0x60 ..\..\..\libs\libc.a(lib_a-strlen.o)
                0x08035de8                strlen
 .text.startup.register_fini
                0x08035e48       0x14 ..\..\..\libs\libc.a(lib_a-__call_atexit.o)
 .text.atexit   0x08035e5c        0xc ..\..\..\libs\libc.a(lib_a-atexit.o)
                0x08035e5c                atexit
 .text.__libc_fini_array
                0x08035e68       0x2c ..\..\..\libs\libc.a(lib_a-fini.o)
                0x08035e68                __libc_fini_array
 .text.__register_exitproc
                0x08035e94       0xac ..\..\..\libs\libc.a(lib_a-__atexit.o)
                0x08035e94                __register_exitproc
 *(.init)
 .init          0x08035f40        0x4 c:/program files/gnu tools arm embedded/4.9 2014q4/bin/../lib/gcc/arm-none-eabi/4.9.3/armv7e-m/fpu/crti.o
                0x08035f40                _init
 .init          0x08035f44        0x8 c:/program files/gnu tools arm embedded/4.9 2014q4/bin/../lib/gcc/arm-none-eabi/4.9.3/armv7e-m/fpu/crtn.o
 *(.fini)
 .fini          0x08035f4c        0x4 c:/program files/gnu tools arm embedded/4.9 2014q4/bin/../lib/gcc/arm-none-eabi/4.9.3/armv7e-m/fpu/crti.o
                0x08035f4c                _fini
 .fini          0x08035f50        0x8 c:/program files/gnu tools arm embedded/4.9 2014q4/bin/../lib/gcc/arm-none-eabi/4.9.3/armv7e-m/fpu/crtn.o
 *crtbegin.o(.ctors)
 *crtbegin?.o(.ctors)
 *(EXCLUDE_FILE(*crtend.o *crtend?.o) .ctors)
 *(SORT(.ctors.*))
 *(.ctors)
 *crtbegin.o(.dtors)
 *crtbegin?.o(.dtors)
 *(EXCLUDE_FILE(*crtend.o *crtend?.o) .dtors)
 *(SORT(.dtors.*))
 *(.dtors)
 *(.rodata*)
 .rodata        0x08035f58      0x2bc ..\obj\main.o
                0x08035f58                VirtAddVarTab
 .rodata        0x08036214       0x10 ..\obj\stm32f4xx_rcc.o
                0x08036214                APBAHBPrescTable
 .rodata        0x08036224      0x13c ..\obj\ui_lcd_hy28.o
 .rodata        0x08036360       0x24 ..\obj\printf.o
 .rodata        0x08036384       0x98 ..\obj\usbd_desc.o
 .rodata        0x0803641c     0x3ef8 ..\obj\ui_lcd_hy28_fonts.o
                0x0803641c                GL_ASCII16x24_Table
                0x080375ec                GL_ASCII12x12_Table
                0x08037eec                GL_ASCII8x12_Table
                0x080387ec                GL_ASCII8x12_bold_Table
                0x08039cec                GL_ASCII8x8_Table
                0x0803a2ec                GL_Font16x24
                0x0803a2f4                GL_Font12x12
                0x0803a2fc                GL_Font8x12
                0x0803a304                GL_Font8x12_bold
                0x0803a30c                GL_Font8x8
 .rodata        0x0803a314        0xc ..\obj\usbd_cdc_vcp.o
 .rodata        0x0803a320      0xc88 ..\obj\audio_driver.o
                0x0803a320                Fir10k
                0x0803a3e0                Fir3p6k
                0x0803a4a0                Fir2p3k
                0x0803a560                Fir1p8k
                0x0803a620                IIR_300hz_numStages
                0x0803a624                IIR_300hz_750_pkCoeffs
                0x0803a64c                IIR_300hz_750_pvCoeffs
                0x0803a678                IIR_300hz_800_pkCoeffs
                0x0803a6a0                IIR_300hz_800_pvCoeffs
                0x0803a6cc                IIR_300hz_850_pkCoeffs
                0x0803a6f4                IIR_300hz_850_pvCoeffs
                0x0803a720                IIR_300hz_900_pkCoeffs
                0x0803a748                IIR_300hz_900_pvCoeffs
                0x0803a774                IIR_300hz_950_pkCoeffs
                0x0803a79c                IIR_300hz_950_pvCoeffs
                0x0803a7c8                IIR_300hz_700_pkCoeffs
                0x0803a7f0                IIR_300hz_700_pvCoeffs
                0x0803a81c                IIR_300hz_650_pkCoeffs
                0x0803a844                IIR_300hz_650_pvCoeffs
                0x0803a870                IIR_300hz_600_pkCoeffs
                0x0803a898                IIR_300hz_600_pvCoeffs
                0x0803a8c4                IIR_300hz_550_pkCoeffs
                0x0803a8ec                IIR_300hz_550_pvCoeffs
                0x0803a918                IIR_300hz_500_pkCoeffs
                0x0803a940                IIR_300hz_500_pvCoeffs
                0x0803a96c                IIR_500hz_numStages
                0x0803a970                IIR_500hz_750_pkCoeffs
                0x0803a998                IIR_500hz_750_pvCoeffs
                0x0803a9c4                IIR_500hz_850_pkCoeffs
                0x0803a9ec                IIR_500hz_850_pvCoeffs
                0x0803aa18                IIR_500hz_950_pkCoeffs
                0x0803aa40                IIR_500hz_950_pvCoeffs
                0x0803aa6c                IIR_500hz_650_pkCoeffs
                0x0803aa94                IIR_500hz_650_pvCoeffs
                0x0803aac0                IIR_500hz_550_pkCoeffs
                0x0803aae8                IIR_500hz_550_pvCoeffs
                0x0803ab14                IIR_1k8_numStages
                0x0803ab18                IIR_1k8_1k425_pkCoeffs
                0x0803ab40                IIR_1k8_1k425_pvCoeffs
                0x0803ab6c                IIR_1k8_1k275_pkCoeffs
                0x0803ab94                IIR_1k8_1k275_pvCoeffs
                0x0803abc0                IIR_1k8_1k125_pkCoeffs
                0x0803abe8                IIR_1k8_1k125_pvCoeffs
                0x0803ac14                IIR_1k8_1k575_pkCoeffs
                0x0803ac3c                IIR_1k8_1k575_pvCoeffs
                0x0803ac68                IIR_1k8_1k725_pkCoeffs
                0x0803ac90                IIR_1k8_1k725_pvCoeffs
                0x0803acbc                IIR_2k3_numStages
                0x0803acc0                IIR_2k3_1k412_pkCoeffs
                0x0803ace8                IIR_2k3_1k412_pvCoeffs
                0x0803ad14                IIR_2k3_1k275_pkCoeffs
                0x0803ad3c                IIR_2k3_1k275_pvCoeffs
                0x0803ad68                IIR_2k3_1k562_pkCoeffs
                0x0803ad90                IIR_2k3_1k562_pvCoeffs
                0x0803adbc                IIR_2k3_1k712_pkCoeffs
                0x0803ade4                IIR_2k3_1k712_pvCoeffs
                0x0803ae10                IIR_3k6_numStages
                0x0803ae14                IIR_3k6_pkCoeffs
                0x0803ae3c                IIR_3k6_pvCoeffs
                0x0803ae68                IIR_10k_numStages
                0x0803ae6c                IIR_10k_pkCoeffs
                0x0803ae8c                IIR_10k_pvCoeffs
                0x0803aeb0                IIR_TX_2k7_numStages
                0x0803aeb4                IIR_TX_2k7_pkCoeffs
                0x0803aedc                IIR_TX_2k7_pvCoeffs
                0x0803af08                FirRxDecimate
                0x0803af18                FirRxDecimateMinLPF
                0x0803af28                FirRxInterpolate
                0x0803af68                FirRxInterpolate10KHZ
 .rodata        0x0803afa8      0x9cc ..\obj\ui_menu.o
 .rodata        0x0803b974       0x14 ..\obj\ui_si570.o
                0x0803b974                hs_div
                0x0803b97c                fout0
                0x0803b980                fdco_max
                0x0803b984                fdco_min
 .rodata        0x0803b988       0x30 ..\obj\cat_driver.o
 .rodata        0x0803b9b8      0x800 ..\obj\softdds.o
                0x0803b9b8                DDS_TABLE
 .rodata        0x0803c1b8       0x80 ..\obj\cw_gen.o
                0x0803c1b8                sm_table
 .rodata        0x0803c238       0xa8 ..\obj\mchf_board.o
 .rodata        0x0803c2e0     0x1940 ..\obj\ui_driver.o
                0x0803c2e0                q_rx_10k_coeffs
                0x0803c444                q_rx_10k_coeffs_minus
                0x0803c5a8                q_rx_10k_coeffs_plus
                0x0803c70c                i_rx_10k_coeffs
                0x0803c870                q_rx_3k6_coeffs
                0x0803c9d4                q_rx_3k6_coeffs_minus
                0x0803cb38                q_rx_3k6_coeffs_plus
                0x0803cc9c                i_rx_3k6_coeffs
                0x0803ce00                q_tx_coeffs
                0x0803cf64                q_tx_coeffs_minus
                0x0803d0c8                q_tx_coeffs_plus
                0x0803d22c                i_tx_coeffs
                0x0803d390                iq_rx_am_10k_coeffs
                0x0803d4f4                iq_rx_am_3k6_coeffs
                0x0803d658                iq_rx_am_2k3_coeffs
                0x0803d7bc                tune_steps
                0x0803d7d4                tune_bands
                0x0803d7f8                size_bands
                0x0803d81c                bm
                0x0803d89c                S_Meter_Cal
 .rodata        0x0803dc20     0x2000 ..\..\..\libs\libarm_cortexM4lf_math.a(arm_rfft_init_q15.o)
 .rodata        0x0803fc20     0x1000 ..\..\..\libs\libarm_cortexM4lf_math.a(arm_cfft_radix4_init_q15.o)
 .rodata        0x08040c20      0x380 ..\..\..\libs\libarm_cortexM4lf_math.a(arm_common_tables.o)
                0x08040c20                armRecipTableQ31
                0x08040d20                armRecipTableQ15
                0x08040da0                armBitRevTable
 .rodata.str1.4
                0x08040fa0        0x4 ..\..\..\libs\libm.a(lib_a-w_pow.o)
 .rodata.str1.4
                0x08040fa4        0x5 ..\..\..\libs\libm.a(lib_a-w_sqrt.o)
                                  0x8 (size before relaxing)
 *fill*         0x08040fa9        0x3 
 .rodata.str1.4
                0x08040fac        0x7 ..\..\..\libs\libm.a(lib_a-wf_log10.o)
                                  0xc (size before relaxing)
 *fill*         0x08040fb3        0x1 
 .rodata.str1.4
                0x08040fb4        0x5 ..\..\..\libs\libm.a(lib_a-wf_pow.o)
                                  0x8 (size before relaxing)
 *fill*         0x08040fb9        0x3 
 .rodata.str1.4
                0x08040fbc        0x6 ..\..\..\libs\libm.a(lib_a-wf_sqrt.o)
                                  0x8 (size before relaxing)
 *fill*         0x08040fc2        0x6 
 .rodata.dp_h   0x08040fc8       0x10 ..\..\..\libs\libm.a(lib_a-e_pow.o)
 .rodata.dp_l   0x08040fd8       0x10 ..\..\..\libs\libm.a(lib_a-e_pow.o)
 .rodata.bp     0x08040fe8       0x10 ..\..\..\libs\libm.a(lib_a-e_pow.o)
 .rodata.str1.4
                0x00000000        0x4 ..\..\..\libs\libm.a(lib_a-e_pow.o)
 .rodata.dp_h   0x08040ff8        0x8 ..\..\..\libs\libm.a(lib_a-ef_pow.o)
 .rodata.dp_l   0x08041000        0x8 ..\..\..\libs\libm.a(lib_a-ef_pow.o)
 .rodata.bp     0x08041008        0x8 ..\..\..\libs\libm.a(lib_a-ef_pow.o)
 .rodata.str1.4
                0x00000000        0x4 ..\..\..\libs\libm.a(lib_a-ef_pow.o)
 .rodata.TWO52  0x08041010       0x10 ..\..\..\libs\libm.a(lib_a-s_rint.o)
 .rodata.str1.4
                0x08041020        0x4 ..\..\..\libs\libc.a(lib_a-impure.o)
 .rodata._global_impure_ptr
                0x08041024        0x4 ..\..\..\libs\libc.a(lib_a-impure.o)
                0x08041024                _global_impure_ptr
 *(.eh_fram e*)

.eh_frame       0x08041028        0x0
 .eh_frame      0x08041028        0x0 c:/program files/gnu tools arm embedded/4.9 2014q4/bin/../lib/gcc/arm-none-eabi/4.9.3/armv7e-m/fpu/crtbegin.o

.glue_7         0x08041028        0x0
 .glue_7        0x00000000        0x0 linker stubs

.glue_7t        0x08041028        0x0
 .glue_7t       0x00000000        0x0 linker stubs

.vfp11_veneer   0x08041028        0x0
 .vfp11_veneer  0x00000000        0x0 linker stubs

.v4_bx          0x08041028        0x0
 .v4_bx         0x00000000        0x0 linker stubs

.iplt           0x08041028        0x0
 .iplt          0x00000000        0x0 c:/program files/gnu tools arm embedded/4.9 2014q4/bin/../lib/gcc/arm-none-eabi/4.9.3/armv7e-m/fpu/crtbegin.o

.rel.dyn        0x08041028        0x0
 .rel.iplt      0x00000000        0x0 c:/program files/gnu tools arm embedded/4.9 2014q4/bin/../lib/gcc/arm-none-eabi/4.9.3/armv7e-m/fpu/crtbegin.o

.ARM.extab
 *(.ARM.extab* .gnu.linkonce.armextab.*)
                0x08041028                __exidx_start = .

.ARM.exidx
 *(.ARM.exidx* .gnu.linkonce.armexidx.*)
                0x08041028                __exidx_end = .
                0x08041028                __etext = .
                0x08041028                _sidata = __etext

.data           0x20000000      0x64c load address 0x08041028
                0x20000000                __data_start__ = .
                0x20000000                _sdata = __data_start__
 *(vtable)
 *(.data*)
 .data          0x20000000       0x1c ..\obj\usbd_usr.o
                0x20000000                USR_cb
 .data          0x2000001c        0x4 ..\obj\mchf_hw_i2c.o
                0x2000001c                I2C1_Timeout
 .data          0x20000020       0x30 ..\obj\usbd_core.o
                0x20000020                USBD_DCD_INT_cb
                0x2000004c                USBD_DCD_INT_fops
 .data          0x20000050       0x40 ..\obj\usbd_desc.o
                0x20000050                USR_desc
                0x2000006c                USBD_DeviceDesc
                0x20000080                USBD_DeviceQualifierDesc
                0x2000008c                USBD_LangIDDesc
 .data          0x20000090       0x1c ..\obj\usbd_cdc_vcp.o
                0x20000090                linecoding
                0x20000098                VCP_fops
 .data          0x200000ac        0x1 ..\obj\audio_driver.o
 *fill*         0x200000ad        0x3 
 .data          0x200000b0        0xc ..\obj\ui_menu.o
 .data          0x200000bc       0x74 ..\obj\usbd_cdc_core.o
                0x200000bc                usbd_cdc_CfgDesc
                0x20000104                USBD_CDC_cb
 .data          0x20000130        0x4 ..\obj\mchf_hw_i2c2.o
                0x20000130                I2C2_Timeout
 .data          0x20000134       0xd8 ..\obj\ui_driver.o
                0x20000134                tcxo_table_20m
 .data.__fdlib_version
                0x2000020c        0x1 ..\..\..\libs\libm.a(lib_a-s_lib_ver.o)
                0x2000020c                __fdlib_version
 *fill*         0x2000020d        0x3 
 .data.impure_data
                0x20000210      0x428 ..\..\..\libs\libc.a(lib_a-impure.o)
 .data._impure_ptr
                0x20000638        0x4 ..\..\..\libs\libc.a(lib_a-impure.o)
                0x20000638                _impure_ptr
                0x2000063c                . = ALIGN (0x4)
                0x2000063c                PROVIDE (__preinit_array_start, .)
 *(.preinit_array)
                0x2000063c                PROVIDE (__preinit_array_end, .)
                0x2000063c                . = ALIGN (0x4)
                0x2000063c                PROVIDE (__init_array_start, .)
 *(SORT(.init_array.*))
 .init_array.00000
                0x2000063c        0x4 ..\..\..\libs\libc.a(lib_a-__call_atexit.o)
 *(.init_array)
 .init_array    0x20000640        0x4 c:/program files/gnu tools arm embedded/4.9 2014q4/bin/../lib/gcc/arm-none-eabi/4.9.3/armv7e-m/fpu/crtbegin.o
                0x20000644                PROVIDE (__init_array_end, .)
                0x20000644                . = ALIGN (0x4)
                0x20000644                PROVIDE (__fini_array_start, .)
 *(SORT(.fini_array.*))
 *(.fini_array)
 .fini_array    0x20000644        0x4 c:/program files/gnu tools arm embedded/4.9 2014q4/bin/../lib/gcc/arm-none-eabi/4.9.3/armv7e-m/fpu/crtbegin.o
                0x20000648                PROVIDE (__fini_array_end, .)
 *(.jcr*)
 .jcr           0x20000648        0x0 c:/program files/gnu tools arm embedded/4.9 2014q4/bin/../lib/gcc/arm-none-eabi/4.9.3/armv7e-m/fpu/crtbegin.o
 .jcr           0x20000648        0x4 c:/program files/gnu tools arm embedded/4.9 2014q4/bin/../lib/gcc/arm-none-eabi/4.9.3/armv7e-m/fpu/crtend.o
                0x2000064c                . = ALIGN (0x4)
                0x2000064c                __data_end__ = .
                0x2000064c                _edata = __data_end__

.igot.plt       0x2000064c        0x0 load address 0x08041674
 .igot.plt      0x00000000        0x0 c:/program files/gnu tools arm embedded/4.9 2014q4/bin/../lib/gcc/arm-none-eabi/4.9.3/armv7e-m/fpu/crtbegin.o

.bss            0x20000650     0xe500 load address 0x08041678
                0x20000650                . = ALIGN (0x4)
                0x20000650                __bss_start__ = .
                0x20000650                _sbss = __bss_start__
 *(.bss*)
 .bss           0x20000650       0x1c c:/program files/gnu tools arm embedded/4.9 2014q4/bin/../lib/gcc/arm-none-eabi/4.9.3/armv7e-m/fpu/crtbegin.o
 .bss           0x2000066c        0x4 ..\obj\usbh_bsp.o
                0x2000066c                BSP_delay
 .bss           0x20000670       0x90 ..\obj\i2s.o
 .bss           0x20000700      0x190 ..\obj\audio_driver.o
 .bss           0x20000890       0x10 ..\obj\usbd_req.o
                0x20000890                USBD_ep_status
                0x20000894                USBD_default_cfg
                0x20000898                USBD_cfg_status
 .bss           0x200008a0       0x1c ..\obj\usbd_cdc_core.o
                0x200008a4                APP_Rx_ptr_in
                0x200008a8                APP_Rx_ptr_out
                0x200008ac                APP_Rx_length
                0x200008b0                USB_Tx_State
 .bss           0x200008bc      0x844 ..\obj\ui_driver.o
                0x200008bc                unmute_delay
                0x200008c0                drv_state
                0x200008c1                drv_init
                0x200010c4                ptt_break
 .bss           0x20001100        0x2 ..\obj\eeprom.o
                0x20001100                DataVar
 *(COMMON)
 *fill*         0x20001102        0x2 
 COMMON         0x20001104        0x4 ..\obj\usbd_core.o
                0x20001104                SET_TEST_MODE
 COMMON         0x20001108      0x124 ..\obj\main.o
                0x20001108                ts
 COMMON         0x2000122c     0xbb74 ..\obj\audio_driver.o
                0x2000122c                test_a
                0x2000393c                test_d
                0x2000410c                lms1StateF32
                0x2000440c                errsig3
                0x20004510                lms2StateF32
                0x20004810                lms1_instance
                0x20004820                errsig2
                0x20004924                lms3_instance
                0x20004934                lms2_nr_delay
                0x20005974                rx_buffer
                0x20005a78                interpState
                0x20005b38                tx_buffer
                0x20005c3c                errsig1
                0x20005d40                FIR_Q
                0x20005d4c                lms3StateF32
                0x2000604c                iir_tx_state
                0x2000610c                lms1NormCoeff_f32
                0x2000640c                lms2NormCoeff_f32
                0x2000670c                test_b
                0x20008e1c                FIR_Q_TX
                0x20008e28                lms3_nr_delay
                0x20009668                sd
                0x2000a4c8                result
                0x2000a5cc                agc_delay
                0x2000ab0c                lms1Norm_instance
                0x2000ab24                FIR_I_TX
                0x2000ab30                lms3NormCoeff_f32
                0x2000ae30                FIR_I
                0x2000ae3c                decimState
                0x2000aefc                sm
                0x2000af10                lms3Norm_instance
                0x2000af28                IIR_TXFilter
                0x2000af38                lms1_nr_delay
                0x2000b778                test_e
                0x2000bf48                lms2Norm_instance
                0x2000bf60                ads
                0x2000c5c0                lms2_instance
                0x2000c5d0                test_c
 COMMON         0x2000cda0       0xff ..\obj\usbd_req.o
                0x2000cda0                USBD_StrDesc
 *fill*         0x2000ce9f        0x1 
 COMMON         0x2000cea0       0xb0 ..\obj\ui_menu.o
                0x2000cea0                ks
                0x2000cec4                pwmt
                0x2000ced4                df
                0x2000cf10                lo
                0x2000cf20                ets
                0x2000cf2c                swrm
                0x2000cf38                ews
                0x2000cf44                eos
 COMMON         0x2000cf50      0x88c ..\obj\usbd_cdc_core.o
                0x2000cf50                usbd_cdc_OtherCfgDesc
                0x2000cf94                USB_Rx_Buffer
                0x2000cfd4                CmdBuff
                0x2000cfdc                APP_Rx_Buffer
 *fill*         0x2000d7dc        0x4 
 COMMON         0x2000d7e0       0x20 ..\obj\ui_si570.o
                0x2000d7e0                os
 COMMON         0x2000d800      0xa94 ..\obj\cat_driver.o
                0x2000d800                USB_OTG_dev
 COMMON         0x2000e294        0x4 ..\obj\softdds.o
                0x2000e294                step
 COMMON         0x2000e298       0x18 ..\obj\cw_gen.o
                0x2000e298                ps
 COMMON         0x2000e2b0      0x820 ..\obj\mchf_board.o
                0x2000e2b0                fc
 COMMON         0x2000ead0       0x80 ..\obj\ui_driver.o
                0x2000ead0                band_decod_mode
                0x2000eaf8                kd